Archive member included to satisfy reference by file (symbol)

c:/program files (x86)/atmel/studio/7.0/toolchain/avr8/avr8-gnu-toolchain/bin/../lib/gcc/avr/4.9.2/../../../../avr/lib/avrxmega7\libm.a(divsf3.o)
                              timeEvent.o (__divsf3)
c:/program files (x86)/atmel/studio/7.0/toolchain/avr8/avr8-gnu-toolchain/bin/../lib/gcc/avr/4.9.2/../../../../avr/lib/avrxmega7\libm.a(divsf3x.o)
                              c:/program files (x86)/atmel/studio/7.0/toolchain/avr8/avr8-gnu-toolchain/bin/../lib/gcc/avr/4.9.2/../../../../avr/lib/avrxmega7\libm.a(divsf3.o) (__divsf3x)
c:/program files (x86)/atmel/studio/7.0/toolchain/avr8/avr8-gnu-toolchain/bin/../lib/gcc/avr/4.9.2/../../../../avr/lib/avrxmega7\libm.a(fixsfsi.o)
                              adcDriver.o (__fixsfsi)
c:/program files (x86)/atmel/studio/7.0/toolchain/avr8/avr8-gnu-toolchain/bin/../lib/gcc/avr/4.9.2/../../../../avr/lib/avrxmega7\libm.a(fixunssfsi.o)
                              c:/program files (x86)/atmel/studio/7.0/toolchain/avr8/avr8-gnu-toolchain/bin/../lib/gcc/avr/4.9.2/../../../../avr/lib/avrxmega7\libm.a(fixsfsi.o) (__fixunssfsi)
c:/program files (x86)/atmel/studio/7.0/toolchain/avr8/avr8-gnu-toolchain/bin/../lib/gcc/avr/4.9.2/../../../../avr/lib/avrxmega7\libm.a(floatsisf.o)
                              peripherals.o (__floatunsisf)
c:/program files (x86)/atmel/studio/7.0/toolchain/avr8/avr8-gnu-toolchain/bin/../lib/gcc/avr/4.9.2/../../../../avr/lib/avrxmega7\libm.a(fp_inf.o)
                              c:/program files (x86)/atmel/studio/7.0/toolchain/avr8/avr8-gnu-toolchain/bin/../lib/gcc/avr/4.9.2/../../../../avr/lib/avrxmega7\libm.a(divsf3x.o) (__fp_inf)
c:/program files (x86)/atmel/studio/7.0/toolchain/avr8/avr8-gnu-toolchain/bin/../lib/gcc/avr/4.9.2/../../../../avr/lib/avrxmega7\libm.a(fp_nan.o)
                              c:/program files (x86)/atmel/studio/7.0/toolchain/avr8/avr8-gnu-toolchain/bin/../lib/gcc/avr/4.9.2/../../../../avr/lib/avrxmega7\libm.a(divsf3x.o) (__fp_nan)
c:/program files (x86)/atmel/studio/7.0/toolchain/avr8/avr8-gnu-toolchain/bin/../lib/gcc/avr/4.9.2/../../../../avr/lib/avrxmega7\libm.a(fp_pscA.o)
                              c:/program files (x86)/atmel/studio/7.0/toolchain/avr8/avr8-gnu-toolchain/bin/../lib/gcc/avr/4.9.2/../../../../avr/lib/avrxmega7\libm.a(divsf3x.o) (__fp_pscA)
c:/program files (x86)/atmel/studio/7.0/toolchain/avr8/avr8-gnu-toolchain/bin/../lib/gcc/avr/4.9.2/../../../../avr/lib/avrxmega7\libm.a(fp_pscB.o)
                              c:/program files (x86)/atmel/studio/7.0/toolchain/avr8/avr8-gnu-toolchain/bin/../lib/gcc/avr/4.9.2/../../../../avr/lib/avrxmega7\libm.a(divsf3x.o) (__fp_pscB)
c:/program files (x86)/atmel/studio/7.0/toolchain/avr8/avr8-gnu-toolchain/bin/../lib/gcc/avr/4.9.2/../../../../avr/lib/avrxmega7\libm.a(fp_round.o)
                              c:/program files (x86)/atmel/studio/7.0/toolchain/avr8/avr8-gnu-toolchain/bin/../lib/gcc/avr/4.9.2/../../../../avr/lib/avrxmega7\libm.a(divsf3.o) (__fp_round)
c:/program files (x86)/atmel/studio/7.0/toolchain/avr8/avr8-gnu-toolchain/bin/../lib/gcc/avr/4.9.2/../../../../avr/lib/avrxmega7\libm.a(fp_split3.o)
                              c:/program files (x86)/atmel/studio/7.0/toolchain/avr8/avr8-gnu-toolchain/bin/../lib/gcc/avr/4.9.2/../../../../avr/lib/avrxmega7\libm.a(divsf3x.o) (__fp_split3)
c:/program files (x86)/atmel/studio/7.0/toolchain/avr8/avr8-gnu-toolchain/bin/../lib/gcc/avr/4.9.2/../../../../avr/lib/avrxmega7\libm.a(fp_zero.o)
                              c:/program files (x86)/atmel/studio/7.0/toolchain/avr8/avr8-gnu-toolchain/bin/../lib/gcc/avr/4.9.2/../../../../avr/lib/avrxmega7\libm.a(fixunssfsi.o) (__fp_zero)
c:/program files (x86)/atmel/studio/7.0/toolchain/avr8/avr8-gnu-toolchain/bin/../lib/gcc/avr/4.9.2/../../../../avr/lib/avrxmega7\libm.a(mulsf3.o)
                              adcDriver.o (__mulsf3)
c:/program files (x86)/atmel/studio/7.0/toolchain/avr8/avr8-gnu-toolchain/bin/../lib/gcc/avr/4.9.2/../../../../avr/lib/avrxmega7\libm.a(mulsf3x.o)
                              c:/program files (x86)/atmel/studio/7.0/toolchain/avr8/avr8-gnu-toolchain/bin/../lib/gcc/avr/4.9.2/../../../../avr/lib/avrxmega7\libm.a(mulsf3.o) (__mulsf3x)
c:/program files (x86)/atmel/studio/7.0/toolchain/avr8/avr8-gnu-toolchain/bin/../lib/gcc/avr/4.9.2/../../../../avr/lib/avrxmega7\libprintf_flt.a(vfprintf_flt.o)
                              (vfprintf)
c:/program files (x86)/atmel/studio/7.0/toolchain/avr8/avr8-gnu-toolchain/bin/../lib/gcc/avr/4.9.2/avrxmega7\libgcc.a(_divmodhi4.o)
                              menu.o (__divmodhi4)
c:/program files (x86)/atmel/studio/7.0/toolchain/avr8/avr8-gnu-toolchain/bin/../lib/gcc/avr/4.9.2/avrxmega7\libgcc.a(_udivmodsi4.o)
                              main.o (__udivmodsi4)
c:/program files (x86)/atmel/studio/7.0/toolchain/avr8/avr8-gnu-toolchain/bin/../lib/gcc/avr/4.9.2/avrxmega7\libgcc.a(_exit.o)
[...]
Memory Configuration

Name             Origin             Length             Attributes
text             0x00000000         0x00100000         xr
data             0x00802000         0x0000ffa0         rw !x
eeprom           0x00810000         0x00010000         rw !x
fuse             0x00820000         0x00000400         rw !x
lock             0x00830000         0x00000400         rw !x
signature        0x00840000         0x00000400         rw !x
user_signatures  0x00850000         0x00000400         rw !x
*default*        0x00000000         0xffffffff

Linker script and memory map

LOAD C:/Program Files (x86)/Atmel/Studio/7.0/Packs/atmel/XMEGAA_DFP/1.0.38/gcc/dev/atxmega128a1u/avrxmega7/crtatxmega128a1u.o
LOAD adcDriver.o
LOAD appUI.o
LOAD clksys_driver.o
LOAD dmaDriver.o
LOAD LUFA/Descriptors.o
LOAD LUFA/LUFA/Drivers/Peripheral/AVR8/Serial_AVR8.o
LOAD LUFA/LUFA/Drivers/Peripheral/AVR8/TWI_AVR8.o
LOAD LUFA/LUFA/Drivers/Peripheral/XMEGA/Serial_XMEGA.o
LOAD LUFA/LUFA/Drivers/Peripheral/XMEGA/TWI_XMEGA.o
LOAD LUFA/LUFA/Drivers/USB/Class/Common/HIDParser.o
LOAD LUFA/LUFA/Drivers/USB/Class/Device/AudioClassDevice.o
LOAD LUFA/LUFA/Drivers/USB/Class/Device/CDCClassDevice.o
LOAD LUFA/LUFA/Drivers/USB/Class/Device/HIDClassDevice.o
LOAD LUFA/LUFA/Drivers/USB/Class/Device/MassStorageClassDevice.o
LOAD LUFA/LUFA/Drivers/USB/Class/Device/MIDIClassDevice.o
LOAD LUFA/LUFA/Drivers/USB/Class/Device/PrinterClassDevice.o
LOAD LUFA/LUFA/Drivers/USB/Class/Device/RNDISClassDevice.o
LOAD LUFA/LUFA/Drivers/USB/Class/Host/AndroidAccessoryClassHost.o
LOAD LUFA/LUFA/Drivers/USB/Class/Host/AudioClassHost.o
LOAD LUFA/LUFA/Drivers/USB/Class/Host/CDCClassHost.o
LOAD LUFA/LUFA/Drivers/USB/Class/Host/HIDClassHost.o
LOAD LUFA/LUFA/Drivers/USB/Class/Host/MassStorageClassHost.o
LOAD LUFA/LUFA/Drivers/USB/Class/Host/MIDIClassHost.o
LOAD LUFA/LUFA/Drivers/USB/Class/Host/PrinterClassHost.o
LOAD LUFA/LUFA/Drivers/USB/Class/Host/RNDISClassHost.o
LOAD LUFA/LUFA/Drivers/USB/Class/Host/StillImageClassHost.o
LOAD LUFA/LUFA/Drivers/USB/Core/ConfigDescriptors.o
LOAD LUFA/LUFA/Drivers/USB/Core/DeviceStandardReq.o
LOAD LUFA/LUFA/Drivers/USB/Core/Events.o
LOAD LUFA/LUFA/Drivers/USB/Core/HostStandardReq.o
LOAD LUFA/LUFA/Drivers/USB/Core/USBTask.o
LOAD LUFA/LUFA/Drivers/USB/Core/XMEGA/Device_XMEGA.o
LOAD LUFA/LUFA/Drivers/USB/Core/XMEGA/EndpointStream_XMEGA.o
LOAD LUFA/LUFA/Drivers/USB/Core/XMEGA/Endpoint_XMEGA.o
LOAD LUFA/LUFA/Drivers/USB/Core/XMEGA/Host_XMEGA.o
LOAD LUFA/LUFA/Drivers/USB/Core/XMEGA/PipeStream_XMEGA.o
LOAD LUFA/LUFA/Drivers/USB/Core/XMEGA/Pipe_XMEGA.o
LOAD LUFA/LUFA/Drivers/USB/Core/XMEGA/Template/Template_Endpoint_Control_R.o
LOAD LUFA/LUFA/Drivers/USB/Core/XMEGA/Template/Template_Endpoint_Control_W.o
LOAD LUFA/LUFA/Drivers/USB/Core/XMEGA/Template/Template_Endpoint_RW.o
LOAD LUFA/LUFA/Drivers/USB/Core/XMEGA/USBController_XMEGA.o
LOAD LUFA/LUFA/Drivers/USB/Core/XMEGA/USBInterrupt_XMEGA.o
LOAD main.o
LOAD menu.o
LOAD peripherals.o
LOAD remoteDriver.o
LOAD remoteInterface.o
LOAD rtcDriver.o
LOAD serial.o
LOAD timeEvent.o
LOAD twiDriver.o
START GROUP
LOAD c:/program files (x86)/atmel/studio/7.0/toolchain/avr8/avr8-gnu-toolchain/bin/../lib/gcc/avr/4.9.2/../../../../avr/lib/avrxmega7\libm.a
END GROUP
LOAD c:/program files (x86)/atmel/studio/7.0/toolchain/avr8/avr8-gnu-toolchain/bin/../lib/gcc/avr/4.9.2/../../../../avr/lib/avrxmega7\libprintf_flt.a
LOAD c:/program files (x86)/atmel/studio/7.0/toolchain/avr8/avr8-gnu-toolchain/bin/../lib/gcc/avr/4.9.2/avrxmega7\libgcc.a
LOAD c:/program files (x86)/atmel/studio/7.0/toolchain/avr8/avr8-gnu-toolchain/bin/../lib/gcc/avr/4.9.2/../../../../avr/lib/avrxmega7\libm.a
START GROUP
LOAD c:/program files (x86)/atmel/studio/7.0/toolchain/avr8/avr8-gnu-toolchain/bin/../lib/gcc/avr/4.9.2/avrxmega7\libgcc.a
LOAD c:/program files (x86)/atmel/studio/7.0/toolchain/avr8/avr8-gnu-toolchain/bin/../lib/gcc/avr/4.9.2/../../../../avr/lib/avrxmega7\libm.a
LOAD c:/program files (x86)/atmel/studio/7.0/toolchain/avr8/avr8-gnu-toolchain/bin/../lib/gcc/avr/4.9.2/../../../../avr/lib/avrxmega7\libc.a
LOAD C:/Program Files (x86)/Atmel/Studio/7.0/Packs/atmel/XMEGAA_DFP/1.0.38/gcc/dev/atxmega128a1u/avrxmega7\libatxmega128a1u.a
END GROUP

.hash
 *(.hash)

.dynsym
 *(.dynsym)

.dynstr
 *(.dynstr)

.gnu.version
 *(.gnu.version)

.gnu.version_d
 *(.gnu.version_d)

.gnu.version_r
 *(.gnu.version_r)

.rel.init
 *(.rel.init)

.rela.init
 *(.rela.init)

.rel.text
 *(.rel.text)
 *(.rel.text.*)
 *(.rel.gnu.linkonce.t*)

.rela.text
 *(.rela.text)
 *(.rela.text.*)
 *(.rela.gnu.linkonce.t*)

.rel.fini
 *(.rel.fini)

.rela.fini
 *(.rela.fini)

.rel.rodata
 *(.rel.rodata)
 *(.rel.rodata.*)
 *(.rel.gnu.linkonce.r*)

.rela.rodata
 *(.rela.rodata)
 *(.rela.rodata.*)
 *(.rela.gnu.linkonce.r*)

.rel.data
 *(.rel.data)
 *(.rel.data.*)
 *(.rel.gnu.linkonce.d*)

.rela.data
 *(.rela.data)
 *(.rela.data.*)
 *(.rela.gnu.linkonce.d*)

.rel.ctors
 *(.rel.ctors)

.rela.ctors
 *(.rela.ctors)

.rel.dtors
 *(.rel.dtors)

.rela.dtors
 *(.rela.dtors)

.rel.got
 *(.rel.got)

.rela.got
 *(.rela.got)

.rel.bss
 *(.rel.bss)

.rela.bss
 *(.rela.bss)

.rel.plt
 *(.rel.plt)

.rela.plt
 *(.rela.plt)

.text           0x00000000     0x4b14
 *(.vectors)
 .vectors       0x00000000      0x1fc C:/Program Files (x86)/Atmel/Studio/7.0/Packs/atmel/XMEGAA_DFP/1.0.38/gcc/dev/atxmega128a1u/avrxmega7/crtatxmega128a1u.o
                0x00000000                __vector_default
                0x00000000                __vectors
 *(.vectors)
 *(.progmem.gcc*)
                0x000001fc                . = ALIGN (0x2)
                0x000001fc                __trampolines_start = .
 *(.trampolines)
 .trampolines   0x000001fc        0x0 linker stubs
 *(.trampolines*)
                0x000001fc                __trampolines_end = .
 *(.progmem*)
 .progmem.data.__c.7089
                0x000001fc        0x5 appUI.o
 .progmem.data.__c.7087
                0x00000201        0xd appUI.o
 .progmem.data.__c.7074
                0x0000020e        0x5 appUI.o
 .progmem.data.__c.7072
                0x00000213        0x3 appUI.o
 .progmem.data.__c.7035
                0x00000216       0x33 appUI.o
 .progmem.data.__c.7031
                0x00000249        0xd appUI.o
 .progmem.data.__c.7029
                0x00000256       0x17 appUI.o
 .progmem.data.__c.7023
                0x0000026d       0x17 appUI.o
 .progmem.data.__c.7020
                0x00000284       0x13 appUI.o
 .progmem.data.__c.7017
                0x00000297       0x16 appUI.o
 .progmem.data.__c.7013
                0x000002ad       0x15 appUI.o
 .progmem.data.__c.7010
                0x000002c2        0x8 appUI.o
 .progmem.data.__c.7004
                0x000002ca        0x9 appUI.o
 .progmem.data.__c.7001
                0x000002d3        0x9 appUI.o
 .progmem.data.__c.6998
                0x000002dc        0x9 appUI.o
 .progmem.data.__c.6994
                0x000002e5        0x9 appUI.o
 .progmem.data.ProductString
                0x000002ee       0x1e LUFA/Descriptors.o
                0x000002ee                ProductString
 .progmem.data.ManufacturerString
                0x0000030c       0x1a LUFA/Descriptors.o
                0x0000030c                ManufacturerString
 .progmem.data.LanguageString
                0x00000326        0x4 LUFA/Descriptors.o
                0x00000326                LanguageString
 .progmem.data.ConfigurationDescriptor
                0x0000032a       0x3e LUFA/Descriptors.o
                0x0000032a                ConfigurationDescriptor
 .progmem.data.DeviceDescriptor
                0x00000368       0x12 LUFA/Descriptors.o
                0x00000368                DeviceDescriptor
 .progmem.data._ZZ4testvE3__c
                0x0000037a       0x11 main.o
 .progmem.data.__c.7314
                0x0000038b       0x20 menu.o
 .progmem.data.__c.7312
                0x000003ab       0x20 menu.o
 .progmem.data.__c.7309
                0x000003cb        0x6 menu.o
 .progmem.data.__c.7307
                0x000003d1        0x5 menu.o
 .progmem.data.__c.7305
                0x000003d6        0x8 menu.o
 .progmem.data.__c.7303
                0x000003de        0x8 menu.o
 .progmem.data.__c.7301
                0x000003e6       0x1a menu.o
 .progmem.data.__c.7299
                0x00000400       0x25 menu.o
 .progmem.data.__c.7297
                0x00000425        0x6 menu.o
 .progmem.data.__c.7295
                0x0000042b       0x16 menu.o
 .progmem.data.__c.7293
                0x00000441        0x9 menu.o
 .progmem.data.__c.7288
                0x0000044a       0x1c menu.o
 .progmem.data.__c.7286
                0x00000466       0x1b menu.o
 .progmem.data.__c.7284
                0x00000481       0x10 menu.o
 .progmem.data.__c.7282
                0x00000491        0xf menu.o
 .progmem.data.__c.7280
                0x000004a0       0x22 menu.o
 .progmem.data.__c.7278
                0x000004c2       0x22 menu.o
 .progmem.data.__c.7276
                0x000004e4        0xa menu.o
 .progmem.data.__c.7274
                0x000004ee        0x8 menu.o
 .progmem.data.__c.7272
                0x000004f6        0x8 menu.o
 .progmem.data.__c.7270
                0x000004fe        0xa menu.o
 .progmem.data.__c.7268
                0x00000508        0x8 menu.o
 .progmem.data.__c.7266
                0x00000510        0x6 menu.o
 .progmem.data.__c.7264
                0x00000516       0x10 menu.o
 .progmem.data.__c.7262
                0x00000526       0x1d menu.o
 .progmem.data.__c.7260
                0x00000543        0xc menu.o
 .progmem.data.__c.7258
                0x0000054f       0x11 menu.o
 .progmem.data.__c.7254
                0x00000560        0xb menu.o
 .progmem.data.__c.7252
                0x0000056b       0x14 menu.o
 .progmem.data.__c.7250
                0x0000057f       0x1d menu.o
 .progmem.data.__c.7248
                0x0000059c       0x19 menu.o
 .progmem.data.__c.7246
                0x000005b5        0xb menu.o
 .progmem.data.__c.7244
                0x000005c0        0xc menu.o
 .progmem.data.__c.7242
                0x000005cc        0xb menu.o
 .progmem.data.__c.7240
                0x000005d7        0xb menu.o
 .progmem.data.__c.7238
                0x000005e2       0x1e menu.o
 .progmem.data.__c.7236
                0x00000600       0x20 menu.o
 .progmem.data.__c.7232
                0x00000620       0x1b menu.o
 .progmem.data.__c.7230
                0x0000063b       0x23 menu.o
 .progmem.data.__c.7226
                0x0000065e        0xd menu.o
 .progmem.data.strDevice
                0x0000066b        0x8 menu.o
                0x0000066b                strDevice
 .progmem.data.strMenu
                0x00000673        0x8 menu.o
                0x00000673                strMenu
 .progmem.data.strDeviceMbc
                0x0000067b        0x4 menu.o
                0x0000067b                strDeviceMbc
 .progmem.data.strDeviceBein
                0x0000067f        0x5 menu.o
                0x0000067f                strDeviceBein
 .progmem.data.strDeviceHumax
                0x00000684        0x6 menu.o
                0x00000684                strDeviceHumax
 .progmem.data.strMenuRemote
                0x0000068a        0x7 menu.o
                0x0000068a                strMenuRemote
 .progmem.data.strMenuSettings
                0x00000691        0x9 menu.o
                0x00000691                strMenuSettings
 .progmem.data.strMenuMain
                0x0000069a        0x5 menu.o
                0x0000069a                strMenuMain
 .progmem.data.strNoone
                0x0000069f        0x6 menu.o
                0x0000069f                strNoone
 .progmem.data.__c.7159
                0x000006a5        0x2 peripherals.o
 .progmem.data.__c.7156
                0x000006a7        0x2 peripherals.o
 .progmem.data.__c.7153
                0x000006a9        0x2 peripherals.o
 .progmem.data.__c.7150
                0x000006ab        0x2 peripherals.o
 .progmem.data.__c.7147
                0x000006ad        0x2 peripherals.o
 .progmem.data.__c.7144
                0x000006af        0x2 peripherals.o
 .progmem.data.__c.7141
                0x000006b1        0x2 peripherals.o
 .progmem.data.__c.7137
                0x000006b3        0x2 peripherals.o
 .progmem.data.__c.7132
                0x000006b5        0x7 peripherals.o
 .progmem.data.__c.7129
                0x000006bc        0x7 peripherals.o
 .progmem.data.__c.7126
                0x000006c3        0x7 peripherals.o
 .progmem.data.__c.7123
                0x000006ca        0x7 peripherals.o
 .progmem.data.__c.7120
                0x000006d1        0x7 peripherals.o
 .progmem.data.__c.7117
                0x000006d8        0x7 peripherals.o
 .progmem.data.__c.7114
                0x000006df        0x7 peripherals.o
 .progmem.data.__c.7110
                0x000006e6        0x7 peripherals.o
 .progmem.data.__c.7105
                0x000006ed        0x8 peripherals.o
 .progmem.data.__c.7102
                0x000006f5        0x6 peripherals.o
 .progmem.data.__c.7099
                0x000006fb        0x6 peripherals.o
 .progmem.data.__c.7096
                0x00000701        0x6 peripherals.o
 .progmem.data.__c.7093
                0x00000707        0x8 peripherals.o
 .progmem.data.__c.7090
                0x0000070f        0x8 peripherals.o
 .progmem.data.__c.7087
                0x00000717        0x8 peripherals.o
 .progmem.data.__c.7083
                0x0000071f        0x6 peripherals.o
 .progmem.data.__c.7205
                0x00000725        0x4 peripherals.o
 .progmem.data.__c.7202
                0x00000729        0x9 peripherals.o
 .progmem.data.__c.7199
                0x00000732        0xa peripherals.o
 .progmem.data.__c.7196
                0x0000073c        0x7 peripherals.o
 .progmem.data.__c.7193
                0x00000743        0xa peripherals.o
 .progmem.data.__c.7190
                0x0000074d        0xa peripherals.o
 .progmem.data.__c.7187
                0x00000757        0xe peripherals.o
 .progmem.data.__c.7184
                0x00000765        0xe peripherals.o
 .progmem.data.__c.7180
                0x00000773        0xa peripherals.o
 .progmem.data.__c.7075
                0x0000077d       0x2e peripherals.o
 .progmem.data.__c.7004
                0x000007ab       0x16 peripherals.o
 .progmem.data.__c.6997
                0x000007c1       0x10 rtcDriver.o
 .progmem.data.__c.6992
                0x000007d1       0x10 rtcDriver.o
 .progmem.data.__c.7086
                0x000007e1       0x1b timeEvent.o
 .progmem.data.__c.6999
                0x000007fc       0x1c timeEvent.o
 .progmem.data  0x00000818        0x8 c:/program files (x86)/atmel/studio/7.0/toolchain/avr8/avr8-gnu-toolchain/bin/../lib/gcc/avr/4.9.2/../../../../avr/lib/avrxmega7\libprintf_flt.a(vfprintf_flt.o)
 .progmem.data  0x00000820       0xfa c:/program files (x86)/atmel/studio/7.0/toolchain/avr8/avr8-gnu-toolchain/bin/../lib/gcc/avr/4.9.2/../../../../avr/lib/avrxmega7\libc.a(ftoa_engine.o)
                0x0000091a                . = ALIGN (0x2)
 *(.jumptables)
 *(.jumptables*)
 *(.lowtext)
 *(.lowtext*)
                0x0000091a                __ctors_start = .
 *(.ctors)
                0x0000091a                __ctors_end = .
                0x0000091a                __dtors_start = .
 *(.dtors)
                0x0000091a                __dtors_end = .
 SORT(*)(.ctors)
 SORT(*)(.dtors)
 *(.init0)
 .init0         0x0000091a        0x0 C:/Program Files (x86)/Atmel/Studio/7.0/Packs/atmel/XMEGAA_DFP/1.0.38/gcc/dev/atxmega128a1u/avrxmega7/crtatxmega128a1u.o
                0x0000091a                __init
 *(.init0)
 *(.init1)
 *(.init1)
 *(.init2)
 .init2         0x0000091a       0x18 C:/Program Files (x86)/Atmel/Studio/7.0/Packs/atmel/XMEGAA_DFP/1.0.38/gcc/dev/atxmega128a1u/avrxmega7/crtatxmega128a1u.o
 *(.init2)
 *(.init3)
 *(.init3)
 *(.init4)
 .init4         0x00000932       0x1c c:/program files (x86)/atmel/studio/7.0/toolchain/avr8/avr8-gnu-toolchain/bin/../lib/gcc/avr/4.9.2/avrxmega7\libgcc.a(_copy_data.o)
                0x00000932                __do_copy_data
 .init4         0x0000094e       0x10 c:/program files (x86)/atmel/studio/7.0/toolchain/avr8/avr8-gnu-toolchain/bin/../lib/gcc/avr/4.9.2/avrxmega7\libgcc.a(_clear_bss.o)
                0x0000094e                __do_clear_bss
 *(.init4)
 *(.init5)
 *(.init5)
 *(.init6)
 *(.init6)
 *(.init7)
 *(.init7)
 *(.init8)
 *(.init8)
 *(.init9)
 .init9         0x0000095e        0x8 C:/Program Files (x86)/Atmel/Studio/7.0/Packs/atmel/XMEGAA_DFP/1.0.38/gcc/dev/atxmega128a1u/avrxmega7/crtatxmega128a1u.o
 *(.init9)
 *(.text)
 .text          0x00000966        0x2 C:/Program Files (x86)/Atmel/Studio/7.0/Packs/atmel/XMEGAA_DFP/1.0.38/gcc/dev/atxmega128a1u/avrxmega7/crtatxmega128a1u.o
                0x00000966                __vector_38
                0x00000966                __vector_104
                0x00000966                __vector_22
                0x00000966                __vector_63
                0x00000966                __vector_28
                0x00000966                __vector_67
                0x00000966                __vector_1
                0x00000966                __vector_119
                0x00000966                __vector_32
                0x00000966                __vector_71
                0x00000966                __vector_91
                0x00000966                __vector_34
                0x00000966                __vector_62
                0x00000966                __vector_77
                0x00000966                __vector_102
                0x00000966                __vector_24
                0x00000966                __vector_55
                0x00000966                __vector_69
                0x00000966                __vector_81
                0x00000966                __vector_90
                0x00000966                __bad_interrupt
                0x00000966                __vector_122
                0x00000966                __vector_72
                0x00000966                __vector_114
                0x00000966                __vector_6
                0x00000966                __vector_110
                0x00000966                __vector_31
                0x00000966                __vector_92
                0x00000966                __vector_35
                0x00000966                __vector_78
                0x00000966                __vector_74
                0x00000966                __vector_117
                0x00000966                __vector_39
                0x00000966                __vector_107
                0x00000966                __vector_3
                0x00000966                __vector_105
                0x00000966                __vector_98
                0x00000966                __vector_23
                0x00000966                __vector_68
                0x00000966                __vector_30
                0x00000966                __vector_73
                0x00000966                __vector_25
                0x00000966                __vector_93
                0x00000966                __vector_61
                0x00000966                __vector_11
                0x00000966                __vector_54
                0x00000966                __vector_99
                0x00000966                __vector_17
                0x00000966                __vector_19
                0x00000966                __vector_56
                0x00000966                __vector_7
                0x00000966                __vector_49
                0x00000966                __vector_123
                0x00000966                __vector_41
                0x00000966                __vector_86
                0x00000966                __vector_100
                0x00000966                __vector_101
                0x00000966                __vector_64
                0x00000966                __vector_88
                0x00000966                __vector_109
                0x00000966                __vector_43
                0x00000966                __vector_27
                0x00000966                __vector_5
                0x00000966                __vector_113
                0x00000966                __vector_33
                0x00000966                __vector_115
                0x00000966                __vector_47
                0x00000966                __vector_52
                0x00000966                __vector_37
                0x00000966                __vector_95
                0x00000966                __vector_103
                0x00000966                __vector_96
                0x00000966                __vector_89
                0x00000966                __vector_108
                0x00000966                __vector_4
                0x00000966                __vector_44
                0x00000966                __vector_82
                0x00000966                __vector_106
                0x00000966                __vector_118
                0x00000966                __vector_51
                0x00000966                __vector_9
                0x00000966                __vector_2
                0x00000966                __vector_21
                0x00000966                __vector_15
                0x00000966                __vector_66
                0x00000966                __vector_36
                0x00000966                __vector_58
                0x00000966                __vector_70
                0x00000966                __vector_83
                0x00000966                __vector_29
                0x00000966                __vector_60
                0x00000966                __vector_121
                0x00000966                __vector_40
                0x00000966                __vector_85
                0x00000966                __vector_94
                0x00000966                __vector_126
                0x00000966                __vector_8
                0x00000966                __vector_26
                0x00000966                __vector_48
                0x00000966                __vector_124
                0x00000966                __vector_116
                0x00000966                __vector_112
                0x00000966                __vector_111
                0x00000966                __vector_80
                0x00000966                __vector_14
                0x00000966                __vector_84
                0x00000966                __vector_57
                0x00000966                __vector_53
                0x00000966                __vector_50
                0x00000966                __vector_16
                0x00000966                __vector_59
                0x00000966                __vector_18
                0x00000966                __vector_97
                0x00000966                __vector_20
                0x00000966                __vector_42
                0x00000966                __vector_87
                0x00000966                __vector_65
                0x00000966                __vector_120
                0x00000968                . = ALIGN (0x2)
 *(.text.*)
 .text.adcInit  0x00000968      0x12e adcDriver.o
                0x00000968                adcInit
 .text.appUICleanUSB
                0x00000a96       0x30 appUI.o
                0x00000a96                appUICleanUSB
 .text.appUICleanWebsite
                0x00000ac6       0x36 appUI.o
                0x00000ac6                appUICleanWebsite
 .text.appUIClean
                0x00000afc        0x6 appUI.o
                0x00000afc                appUIClean
 .text.appUIGetBufWebsiteSpaceRemaining
                0x00000b02       0x1c appUI.o
                0x00000b02                appUIGetBufWebsiteSpaceRemaining
 .text.appUIvPrintWebsite_P
                0x00000b1e       0x50 appUI.o
                0x00000b1e                appUIvPrintWebsite_P
 .text.appUIPrintWebsite_P
                0x00000b6e       0x28 appUI.o
                0x00000b6e                appUIPrintWebsite_P
 .text.appUISetHTMLFont
                0x00000b96       0x74 appUI.o
                0x00000b96                appUISetHTMLFont
 .text.appUISetUI
                0x00000c0a       0x60 appUI.o
                0x00000c0a                appUISetUI
 .text.appUIPrint_P
                0x00000c6a       0x4c appUI.o
                0x00000c6a                appUIPrint_P
 .text.appUIPrintln_P
                0x00000cb6       0x6a appUI.o
                0x00000cb6                appUIPrintln_P
 .text.appUIPrintPos_P
                0x00000d20       0x88 appUI.o
                0x00000d20                appUIPrintPos_P
 .text.CCPWrite
                0x00000da8       0x2a clksys_driver.o
                0x00000da8                CCPWrite
 .text.CLKSYS_PLL_Config
                0x00000dd2        0xa clksys_driver.o
                0x00000dd2                CLKSYS_PLL_Config
 .text.CLKSYS_Prescalers_Config
                0x00000ddc        0xa clksys_driver.o
                0x00000ddc                CLKSYS_Prescalers_Config
 .text.CLKSYS_Main_ClockSource_Select
                0x00000de6       0x28 clksys_driver.o
                0x00000de6                CLKSYS_Main_ClockSource_Select
 .text.CALLBACK_USB_GetDescriptor
                0x00000e0e       0x7a LUFA/Descriptors.o
                0x00000e0e                CALLBACK_USB_GetDescriptor
 .text.CDC_Device_ConfigureEndpoints
                0x00000e88       0x44 LUFA/LUFA/Drivers/USB/Class/Device/CDCClassDevice.o
                0x00000e88                CDC_Device_ConfigureEndpoints
 .text.CDC_Device_SendByte
                0x00000ecc       0x54 LUFA/LUFA/Drivers/USB/Class/Device/CDCClassDevice.o
                0x00000ecc                CDC_Device_SendByte
 .text.CDC_Device_putchar
                0x00000f20       0x20 LUFA/LUFA/Drivers/USB/Class/Device/CDCClassDevice.o
 .text.CDC_Device_Flush
                0x00000f40       0x98 LUFA/LUFA/Drivers/USB/Class/Device/CDCClassDevice.o
                0x00000f40                CDC_Device_Flush
 .text.CDC_Device_USBTask
                0x00000fd8       0x34 LUFA/LUFA/Drivers/USB/Class/Device/CDCClassDevice.o
                0x00000fd8                CDC_Device_USBTask
 .text.CDC_Device_BytesReceived
                0x0000100c       0xb8 LUFA/LUFA/Drivers/USB/Class/Device/CDCClassDevice.o
                0x0000100c                CDC_Device_BytesReceived
 .text.CDC_Device_ReceiveByte
                0x000010c4       0xce LUFA/LUFA/Drivers/USB/Class/Device/CDCClassDevice.o
                0x000010c4                CDC_Device_ReceiveByte
 .text.CDC_Device_getchar
                0x00001192       0x12 LUFA/LUFA/Drivers/USB/Class/Device/CDCClassDevice.o
 .text.CDC_Device_CreateStream
                0x000011a4       0x26 LUFA/LUFA/Drivers/USB/Class/Device/CDCClassDevice.o
                0x000011a4                CDC_Device_CreateStream
 .text.CDC_Device_Event_Stub
                0x000011ca        0x2 LUFA/LUFA/Drivers/USB/Class/Device/CDCClassDevice.o
                0x000011ca                EVENT_CDC_Device_ControLineStateChanged
                0x000011ca                EVENT_CDC_Device_BreakSent
                0x000011ca                CDC_Device_Event_Stub
                0x000011ca                EVENT_CDC_Device_LineEncodingChanged
 .text.CDC_Device_ProcessControlRequest
                0x000011cc      0x11c LUFA/LUFA/Drivers/USB/Class/Device/CDCClassDevice.o
                0x000011cc                CDC_Device_ProcessControlRequest
 .text.USB_Device_ProcessControlRequest
                0x000012e8      0x272 LUFA/LUFA/Drivers/USB/Core/DeviceStandardReq.o
                0x000012e8                USB_Device_ProcessControlRequest
 .text.USB_USBTask
                0x0000155a       0x20 LUFA/LUFA/Drivers/USB/Core/USBTask.o
                0x0000155a                USB_USBTask
 .text.Endpoint_Write_Control_Stream_LE
                0x0000157a      0x11a LUFA/LUFA/Drivers/USB/Core/XMEGA/EndpointStream_XMEGA.o
                0x0000157a                Endpoint_Write_Control_Stream_LE
 .text.Endpoint_Write_Control_PStream_LE
                0x00001694      0x120 LUFA/LUFA/Drivers/USB/Core/XMEGA/EndpointStream_XMEGA.o
                0x00001694                Endpoint_Write_Control_PStream_LE
 .text.Endpoint_ClearIN
                0x000017b4       0x32 LUFA/LUFA/Drivers/USB/Core/XMEGA/Endpoint_XMEGA.o
                0x000017b4                Endpoint_ClearIN
 .text.Endpoint_ClearOUT
                0x000017e6       0x1e LUFA/LUFA/Drivers/USB/Core/XMEGA/Endpoint_XMEGA.o
                0x000017e6                Endpoint_ClearOUT
 .text.Endpoint_Read_8
                0x00001804       0x20 LUFA/LUFA/Drivers/USB/Core/XMEGA/Endpoint_XMEGA.o
                0x00001804                Endpoint_Read_8
 .text.Endpoint_Write_8
                0x00001824       0x20 LUFA/LUFA/Drivers/USB/Core/XMEGA/Endpoint_XMEGA.o
                0x00001824                Endpoint_Write_8
 .text.Endpoint_SelectEndpoint
                0x00001844       0x80 LUFA/LUFA/Drivers/USB/Core/XMEGA/Endpoint_XMEGA.o
                0x00001844                Endpoint_SelectEndpoint
 .text.Endpoint_IsINReady
                0x000018c4       0x18 LUFA/LUFA/Drivers/USB/Core/XMEGA/Endpoint_XMEGA.o
                0x000018c4                Endpoint_IsINReady
 .text.Endpoint_IsOUTReceived
                0x000018dc       0x32 LUFA/LUFA/Drivers/USB/Core/XMEGA/Endpoint_XMEGA.o
                0x000018dc                Endpoint_IsOUTReceived
 .text.Endpoint_IsSETUPReceived
                0x0000190e       0x32 LUFA/LUFA/Drivers/USB/Core/XMEGA/Endpoint_XMEGA.o
                0x0000190e                Endpoint_IsSETUPReceived
 .text.Endpoint_ClearSETUP
                0x00001940       0x58 LUFA/LUFA/Drivers/USB/Core/XMEGA/Endpoint_XMEGA.o
                0x00001940                Endpoint_ClearSETUP
 .text.Endpoint_StallTransaction
                0x00001998       0x36 LUFA/LUFA/Drivers/USB/Core/XMEGA/Endpoint_XMEGA.o
                0x00001998                Endpoint_StallTransaction
 .text.Endpoint_ConfigureEndpoint_PRV
                0x000019ce       0x8a LUFA/LUFA/Drivers/USB/Core/XMEGA/Endpoint_XMEGA.o
                0x000019ce                Endpoint_ConfigureEndpoint_PRV
 .text.Endpoint_ConfigureEndpointTable
                0x00001a58       0xe4 LUFA/LUFA/Drivers/USB/Core/XMEGA/Endpoint_XMEGA.o
                0x00001a58                Endpoint_ConfigureEndpointTable
 .text.Endpoint_ClearEndpoints
                0x00001b3c       0x40 LUFA/LUFA/Drivers/USB/Core/XMEGA/Endpoint_XMEGA.o
                0x00001b3c                Endpoint_ClearEndpoints
 .text.Endpoint_ClearStatusStage
                0x00001b7c       0x2e LUFA/LUFA/Drivers/USB/Core/XMEGA/Endpoint_XMEGA.o
                0x00001b7c                Endpoint_ClearStatusStage
 .text.Endpoint_WaitUntilReady
                0x00001baa       0x9a LUFA/LUFA/Drivers/USB/Core/XMEGA/Endpoint_XMEGA.o
                0x00001baa                Endpoint_WaitUntilReady
 .text.USB_ResetInterface
                0x00001c44       0x5c LUFA/LUFA/Drivers/USB/Core/XMEGA/USBController_XMEGA.o
                0x00001c44                USB_ResetInterface
 .text.USB_Init
                0x00001ca0       0x56 LUFA/LUFA/Drivers/USB/Core/XMEGA/USBController_XMEGA.o
                0x00001ca0                USB_Init
 .text.USB_INT_DisableAllInterrupts
                0x00001cf6        0xe LUFA/LUFA/Drivers/USB/Core/XMEGA/USBInterrupt_XMEGA.o
                0x00001cf6                USB_INT_DisableAllInterrupts
 .text.USB_INT_ClearAllInterrupts
                0x00001d04        0xc LUFA/LUFA/Drivers/USB/Core/XMEGA/USBInterrupt_XMEGA.o
                0x00001d04                USB_INT_ClearAllInterrupts
 .text.__vector_125
                0x00001d10       0xde LUFA/LUFA/Drivers/USB/Core/XMEGA/USBInterrupt_XMEGA.o
                0x00001d10                __vector_125
 .text._Z4testv
                0x00001dee       0xc8 main.o
                0x00001dee                _Z4testv
 .text.main     0x00001eb6       0x50 main.o
                0x00001eb6                main
 .text.roomPrintMenus
                0x00001f06      0x2ac menu.o
                0x00001f06                roomPrintMenus
 .text.roomPrintDeviceStuff
                0x000021b2      0x28a menu.o
                0x000021b2                roomPrintDeviceStuff
 .text.roomClean
                0x0000243c       0x36 menu.o
                0x0000243c                roomClean
 .text.roomReset
                0x00002472        0xa menu.o
                0x00002472                roomReset
 .text.roomInit
                0x0000247c       0x78 menu.o
                0x0000247c                roomInit
 .text.resetCausePrint
                0x000024f4      0x120 peripherals.o
 .text.initHardware
                0x00002614      0x5fa peripherals.o
                0x00002614                initHardware
 .text.freeRam  0x00002c0e       0x40 peripherals.o
                0x00002c0e                freeRam
 .text.deviceNameGet
                0x00002c4e      0x1be peripherals.o
                0x00002c4e                deviceNameGet
 .text.EVENT_USB_Device_Connect
                0x00002e0c        0x8 peripherals.o
                0x00002e0c                EVENT_USB_Device_Connect
 .text.EVENT_USB_Device_Disconnect
                0x00002e14        0x6 peripherals.o
                0x00002e14                EVENT_USB_Device_Disconnect
 .text.EVENT_USB_Device_Reset
                0x00002e1a        0x2 peripherals.o
                0x00002e1a                EVENT_USB_Device_Reset
 .text.EVENT_USB_Device_ConfigurationChanged
                0x00002e1c        0xa peripherals.o
                0x00002e1c                EVENT_USB_Device_ConfigurationChanged
 .text.EVENT_USB_Device_ControlRequest
                0x00002e26        0xa peripherals.o
                0x00002e26                EVENT_USB_Device_ControlRequest
 .text.RTCPrintTime
                0x00002e30       0x2c rtcDriver.o
                0x00002e30                RTCPrintTime
 .text.RTCPrintDate
                0x00002e5c       0x32 rtcDriver.o
                0x00002e5c                RTCPrintDate
 .text.RTCPrintDatetime
                0x00002e8e       0x14 rtcDriver.o
                0x00002e8e                RTCPrintDatetime
 .text.RTCUpdateTime
                0x00002ea2       0x2a rtcDriver.o
                0x00002ea2                RTCUpdateTime
 .text.RTCIsValidtime
                0x00002ecc       0x22 rtcDriver.o
                0x00002ecc                RTCIsValidtime
 .text.RTCProcessOverflowTime
                0x00002eee       0x48 rtcDriver.o
                0x00002eee                RTCProcessOverflowTime
 .text.RTCGetDaysInMonth
                0x00002f36       0x3a rtcDriver.o
                0x00002f36                RTCGetDaysInMonth
 .text.RTCUpdateDate
                0x00002f70       0x56 rtcDriver.o
                0x00002f70                RTCUpdateDate
 .text.RTCUpdateDatetime
                0x00002fc6       0x32 rtcDriver.o
                0x00002fc6                RTCUpdateDatetime
 .text.RTCIsValidDate
                0x00002ff8       0x34 rtcDriver.o
                0x00002ff8                RTCIsValidDate
 .text.RTCIsValidDatetime
                0x0000302c       0x20 rtcDriver.o
                0x0000302c                RTCIsValidDatetime
 .text.RTCProcessOverflowDate
                0x0000304c       0x56 rtcDriver.o
                0x0000304c                RTCProcessOverflowDate
 .text.RTCProcessOverflowDatetime
                0x000030a2       0x14 rtcDriver.o
                0x000030a2                RTCProcessOverflowDatetime
 .text.RTCProcessTime
                0x000030b6        0xc rtcDriver.o
                0x000030b6                RTCProcessTime
 .text.__vector_10
                0x000030c2       0x6c rtcDriver.o
                0x000030c2                __vector_10
 .text.RTCInit  0x0000312e       0xd2 rtcDriver.o
                0x0000312e                RTCInit
 .text.eventInit
                0x00003200        0xa timeEvent.o
                0x00003200                eventInit
 .text.eventAdd
                0x0000320a       0xbc timeEvent.o
                0x0000320a                eventAdd
 .text.eventControllerLoop
                0x000032c6      0x2e2 timeEvent.o
                0x000032c6                eventControllerLoop
 .text.__vector_79
                0x000035a8       0x70 timeEvent.o
                0x000035a8                __vector_79
 .text.twiInterruptHandler
                0x00003618      0x334 twiDriver.o
 .text.twiInit  0x0000394c       0xe0 twiDriver.o
                0x0000394c                twiInit
 .text.__vector_13
                0x00003a2c       0x64 twiDriver.o
                0x00003a2c                __vector_13
 .text.__vector_12
                0x00003a90       0x64 twiDriver.o
                0x00003a90                __vector_12
 .text.__vector_76
                0x00003af4       0x64 twiDriver.o
                0x00003af4                __vector_76
 .text.__vector_75
                0x00003b58       0x64 twiDriver.o
                0x00003b58                __vector_75
 .text.__vector_46
                0x00003bbc       0x64 twiDriver.o
                0x00003bbc                __vector_46
 .text.__vector_45
                0x00003c20       0x64 twiDriver.o
                0x00003c20                __vector_45
 .text.avr-libc.fplib
                0x00003c84        0x4 c:/program files (x86)/atmel/studio/7.0/toolchain/avr8/avr8-gnu-toolchain/bin/../lib/gcc/avr/4.9.2/../../../../avr/lib/avrxmega7\libm.a(divsf3.o)
                0x00003c84                __divsf3
 .text.avr-libc.fplib
                0x00003c88       0xcc c:/program files (x86)/atmel/studio/7.0/toolchain/avr8/avr8-gnu-toolchain/bin/../lib/gcc/avr/4.9.2/../../../../avr/lib/avrxmega7\libm.a(divsf3x.o)
                0x00003c9e                __divsf3x
                0x00003ca2                __divsf3_pse
 .text.avr-libc.fplib
                0x00003d54       0x7a c:/program files (x86)/atmel/studio/7.0/toolchain/avr8/avr8-gnu-toolchain/bin/../lib/gcc/avr/4.9.2/../../../../avr/lib/avrxmega7\libm.a(floatsisf.o)
                0x00003d54                __floatunsisf
                0x00003d58                __floatsisf
 .text.avr-libc.fplib
                0x00003dce        0xc c:/program files (x86)/atmel/studio/7.0/toolchain/avr8/avr8-gnu-toolchain/bin/../lib/gcc/avr/4.9.2/../../../../avr/lib/avrxmega7\libm.a(fp_inf.o)
                0x00003dce                __fp_inf
 .text.avr-libc.fplib
                0x00003dda        0x6 c:/program files (x86)/atmel/studio/7.0/toolchain/avr8/avr8-gnu-toolchain/bin/../lib/gcc/avr/4.9.2/../../../../avr/lib/avrxmega7\libm.a(fp_nan.o)
                0x00003dda                __fp_nan
 .text.avr-libc.fplib
                0x00003de0        0xe c:/program files (x86)/atmel/studio/7.0/toolchain/avr8/avr8-gnu-toolchain/bin/../lib/gcc/avr/4.9.2/../../../../avr/lib/avrxmega7\libm.a(fp_pscA.o)
                0x00003de0                __fp_pscA
 .text.avr-libc.fplib
                0x00003dee        0xe c:/program files (x86)/atmel/studio/7.0/toolchain/avr8/avr8-gnu-toolchain/bin/../lib/gcc/avr/4.9.2/../../../../avr/lib/avrxmega7\libm.a(fp_pscB.o)
                0x00003dee                __fp_pscB
 .text.avr-libc.fplib
                0x00003dfc       0x22 c:/program files (x86)/atmel/studio/7.0/toolchain/avr8/avr8-gnu-toolchain/bin/../lib/gcc/avr/4.9.2/../../../../avr/lib/avrxmega7\libm.a(fp_round.o)
                0x00003dfc                __fp_round
 .text.avr-libc.fplib
                0x00003e1e       0x44 c:/program files (x86)/atmel/studio/7.0/toolchain/avr8/avr8-gnu-toolchain/bin/../lib/gcc/avr/4.9.2/../../../../avr/lib/avrxmega7\libm.a(fp_split3.o)
                0x00003e1e                __fp_split3
                0x00003e2e                __fp_splitA
 .text.avr-libc.fplib
                0x00003e62        0xe c:/program files (x86)/atmel/studio/7.0/toolchain/avr8/avr8-gnu-toolchain/bin/../lib/gcc/avr/4.9.2/../../../../avr/lib/avrxmega7\libm.a(fp_zero.o)
                0x00003e62                __fp_zero
                0x00003e64                __fp_szero
 .text.avr-libc.fplib
                0x00003e70        0x4 c:/program files (x86)/atmel/studio/7.0/toolchain/avr8/avr8-gnu-toolchain/bin/../lib/gcc/avr/4.9.2/../../../../avr/lib/avrxmega7\libm.a(mulsf3.o)
                0x00003e70                __mulsf3
 .text.avr-libc.fplib
                0x00003e74       0xc2 c:/program files (x86)/atmel/studio/7.0/toolchain/avr8/avr8-gnu-toolchain/bin/../lib/gcc/avr/4.9.2/../../../../avr/lib/avrxmega7\libm.a(mulsf3x.o)
                0x00003e88                __mulsf3x
                0x00003e8c                __mulsf3_pse
 .text.avr-libc
                0x00003f36      0x704 c:/program files (x86)/atmel/studio/7.0/toolchain/avr8/avr8-gnu-toolchain/bin/../lib/gcc/avr/4.9.2/../../../../avr/lib/avrxmega7\libprintf_flt.a(vfprintf_flt.o)
                0x00003f36                vfprintf
 .text.libgcc.div
                0x0000463a       0x44 c:/program files (x86)/atmel/studio/7.0/toolchain/avr8/avr8-gnu-toolchain/bin/../lib/gcc/avr/4.9.2/avrxmega7\libgcc.a(_udivmodsi4.o)
                0x0000463a                __udivmodsi4
 .text.avr-libc
                0x0000467e      0x1b0 c:/program files (x86)/atmel/studio/7.0/toolchain/avr8/avr8-gnu-toolchain/bin/../lib/gcc/avr/4.9.2/../../../../avr/lib/avrxmega7\libc.a(ftoa_engine.o)
                0x0000467e                __ftoa_engine
 .text.avr-libc
                0x0000482e        0xe c:/program files (x86)/atmel/studio/7.0/toolchain/avr8/avr8-gnu-toolchain/bin/../lib/gcc/avr/4.9.2/../../../../avr/lib/avrxmega7\libc.a(strcpy_P.o)
                0x0000482e                strcpy_P
 .text.avr-libc
                0x0000483c       0x16 c:/program files (x86)/atmel/studio/7.0/toolchain/avr8/avr8-gnu-toolchain/bin/../lib/gcc/avr/4.9.2/../../../../avr/lib/avrxmega7\libc.a(strnlen_P.o)
                0x0000483c                strnlen_P
 .text.avr-libc
                0x00004852       0x12 c:/program files (x86)/atmel/studio/7.0/toolchain/avr8/avr8-gnu-toolchain/bin/../lib/gcc/avr/4.9.2/../../../../avr/lib/avrxmega7\libc.a(memcpy.o)
                0x00004852                memcpy
 .text.avr-libc
                0x00004864        0xe c:/program files (x86)/atmel/studio/7.0/toolchain/avr8/avr8-gnu-toolchain/bin/../lib/gcc/avr/4.9.2/../../../../avr/lib/avrxmega7\libc.a(memset.o)
                0x00004864                memset
 .text.avr-libc
                0x00004872       0x16 c:/program files (x86)/atmel/studio/7.0/toolchain/avr8/avr8-gnu-toolchain/bin/../lib/gcc/avr/4.9.2/../../../../avr/lib/avrxmega7\libc.a(strnlen.o)
                0x00004872                strnlen
 .text.avr-libc
                0x00004888       0x70 c:/program files (x86)/atmel/studio/7.0/toolchain/avr8/avr8-gnu-toolchain/bin/../lib/gcc/avr/4.9.2/../../../../avr/lib/avrxmega7\libc.a(fputc.o)
                0x00004888                fputc
 .text.avr-libc
                0x000048f8       0x4e c:/program files (x86)/atmel/studio/7.0/toolchain/avr8/avr8-gnu-toolchain/bin/../lib/gcc/avr/4.9.2/../../../../avr/lib/avrxmega7\libc.a(printf_p.o)
                0x000048f8                printf_P
 .text.avr-libc
                0x00004946       0x1c c:/program files (x86)/atmel/studio/7.0/toolchain/avr8/avr8-gnu-toolchain/bin/../lib/gcc/avr/4.9.2/../../../../avr/lib/avrxmega7\libc.a(vfprintf_p.o)
                0x00004946                vfprintf_P
 .text.avr-libc
                0x00004962       0x64 c:/program files (x86)/atmel/studio/7.0/toolchain/avr8/avr8-gnu-toolchain/bin/../lib/gcc/avr/4.9.2/../../../../avr/lib/avrxmega7\libc.a(vsnprintf_p.o)
                0x00004962                vsnprintf_P
 .text.avr-libc
                0x000049c6       0xbc c:/program files (x86)/atmel/studio/7.0/toolchain/avr8/avr8-gnu-toolchain/bin/../lib/gcc/avr/4.9.2/../../../../avr/lib/avrxmega7\libc.a(ultoa_invert.o)
                0x000049c6                __ultoa_invert
 .text.avr-libc
                0x00004a82       0x16 C:/Program Files (x86)/Atmel/Studio/7.0/Packs/atmel/XMEGAA_DFP/1.0.38/gcc/dev/atxmega128a1u/avrxmega7\libatxmega128a1u.a(eerd_block.o)
                0x00004a82                eeprom_read_block
 .text.avr-libc
                0x00004a98       0x20 C:/Program Files (x86)/Atmel/Studio/7.0/Packs/atmel/XMEGAA_DFP/1.0.38/gcc/dev/atxmega128a1u/avrxmega7\libatxmega128a1u.a(eerd_byte.o)
                0x00004a98                eeprom_read_byte
                0x00004aa0                eeprom_mapen
 .text.avr-libc
                0x00004ab8       0x12 C:/Program Files (x86)/Atmel/Studio/7.0/Packs/atmel/XMEGAA_DFP/1.0.38/gcc/dev/atxmega128a1u/avrxmega7\libatxmega128a1u.a(eeupd_byte.o)
                0x00004ab8                eeprom_update_byte
                0x00004aba                eeprom_update_r18
 .text.avr-libc
                0x00004aca       0x46 C:/Program Files (x86)/Atmel/Studio/7.0/Packs/atmel/XMEGAA_DFP/1.0.38/gcc/dev/atxmega128a1u/avrxmega7\libatxmega128a1u.a(eewr_byte.o)
                0x00004aca                eeprom_write_byte
                0x00004acc                eeprom_write_r18
                0x00004b10                . = ALIGN (0x2)
 *(.fini9)
 .fini9         0x00004b10        0x0 c:/program files (x86)/atmel/studio/7.0/toolchain/avr8/avr8-gnu-toolchain/bin/../lib/gcc/avr/4.9.2/avrxmega7\libgcc.a(_exit.o)
                0x00004b10                _exit
                0x00004b10                exit
 *(.fini9)
 *(.fini8)
 *(.fini8)
 *(.fini7)
 *(.fini7)
 *(.fini6)
 *(.fini6)
 *(.fini5)
 *(.fini5)
 *(.fini4)
 *(.fini4)
 *(.fini3)
 *(.fini3)
 *(.fini2)
 *(.fini2)
 *(.fini1)
 *(.fini1)
 *(.fini0)
 .fini0         0x00004b10        0x4 c:/program files (x86)/atmel/studio/7.0/toolchain/avr8/avr8-gnu-toolchain/bin/../lib/gcc/avr/4.9.2/avrxmega7\libgcc.a(_exit.o)
 *(.fini0)
                0x00004b14                _etext = .

.data           0x00802000      0x2b2 load address 0x00004b14
                0x00802000                PROVIDE (__data_start, .)
 *(.data)
 .data          0x00802000        0x6 c:/program files (x86)/atmel/studio/7.0/toolchain/avr8/avr8-gnu-toolchain/bin/../lib/gcc/avr/4.9.2/../../../../avr/lib/avrxmega7\libc.a(malloc.o)
                0x00802000                __malloc_heap_end
                0x00802002                __malloc_heap_start
                0x00802004                __malloc_margin
 *(.data*)
 .data.str.7080
                0x00802006       0x10 peripherals.o
 .data.minFreeRam.7024
                0x00802016        0x2 peripherals.o
 .data.hardware
                0x00802018      0x146 peripherals.o
                0x00802018                hardware
 .data.USBSerialClass
                0x0080215e       0x1b peripherals.o
                0x0080215e                USBSerialClass
 *(.rodata)
 .rodata        0x00802179      0x138 peripherals.o
 *(.rodata*)
 *(.gnu.linkonce.d*)
                0x008022b2                . = ALIGN (0x2)
 *fill*         0x008022b1        0x1 
                0x008022b2                _edata = .
                0x008022b2                PROVIDE (__data_end, .)

.bss            0x008022b2      0x675
                0x008022b2                PROVIDE (__bss_start, .)
 *(.bss)
 *(.bss*)
 .bss._ZL6packet
                0x008022b2        0x2 adcDriver.o
 .bss.firstCall.7009
                0x008022b4        0x1 appUI.o
 .bss.appUI     0x008022b5      0x25c appUI.o
 .bss._ZZ4testvE4prev
                0x00802511        0x4 main.o
 .bss.textInput
                0x00802515       0x21 menu.o
 .bss.room      0x00802536        0x1 menu.o
 .bss.usbIsConnected
                0x00802537        0x1 peripherals.o
 .bss.timeInt   0x00802538        0x2 rtcDriver.o
 .bss.cpu       0x0080253a        0x2 timeEvent.o
 .bss.events    0x0080253c       0xdc timeEvent.o
 .bss.twi_driver
                0x00802618        0x2 twiDriver.o
 *(COMMON)
 COMMON         0x0080261a        0x3 LUFA/LUFA/Drivers/USB/Core/DeviceStandardReq.o
                0x0080261a                USB_Device_ConfigurationNumber
                0x0080261b                USB_Device_CurrentlySelfPowered
                0x0080261c                USB_Device_RemoteWakeupEnabled
 COMMON         0x0080261d        0xa LUFA/LUFA/Drivers/USB/Core/USBTask.o
                0x0080261d                USB_IsInitialized
                0x0080261e                USB_DeviceState
                0x0080261f                USB_ControlRequest
 COMMON         0x00802627      0x299 LUFA/LUFA/Drivers/USB/Core/XMEGA/Endpoint_XMEGA.o
                0x00802627                USB_Endpoint_SelectedFIFO
                0x00802629                USB_Endpoint_SelectedHandle
                0x0080262b                USB_Endpoint_SelectedEndpoint
                0x0080262c                USB_Endpoint_FIFOs
 COMMON         0x008028c0       0x53 LUFA/LUFA/Drivers/USB/Core/XMEGA/USBController_XMEGA.o
                0x008028c0                USB_EndpointTable
 COMMON         0x00802913        0xe peripherals.o
                0x00802913                USBStream
 COMMON         0x00802921        0x6 c:/program files (x86)/atmel/studio/7.0/toolchain/avr8/avr8-gnu-toolchain/bin/../lib/gcc/avr/4.9.2/../../../../avr/lib/avrxmega7\libc.a(iob.o)
                0x00802921                __iob
                0x00802927                PROVIDE (__bss_end, .)
                0x00004b14                __data_load_start = LOADADDR (.data)
                0x00004dc6                __data_load_end = (__data_load_start + SIZEOF (.data))

.noinit         0x00802927        0x0
                0x00802927                PROVIDE (__noinit_start, .)
 *(.noinit*)
                0x00802927                PROVIDE (__noinit_end, .)
                0x00802927                _end = .
                0x00802927                PROVIDE (__heap_start, .)

.eeprom         0x00810000        0xf
 *(.eeprom*)
 .eeprom        0x00810000        0xe menu.o
                0x00810000                timeEEPROM
                0x00810006                alarmEEPROM
                0x0081000c                deviceTypeEEPROM
                0x0081000d                alarmEnabledEEPROM
 .eeprom        0x0081000e        0x1 peripherals.o
                0x0081000e                wdtCrashesEEPROM
                0x0081000f                __eeprom_end = .

.fuse
 *(.fuse)
 *(.lfuse)
 *(.hfuse)
 *(.efuse)

.lock
 *(.lock*)

.signature
 *(.signature*)

.user_signatures
 *(.user_signatures*)

.stab
 *(.stab)

.stabstr
 *(.stabstr)

.stab.excl
 *(.stab.excl)

.stab.exclstr
 *(.stab.exclstr)

.stab.index
 *(.stab.index)

.stab.indexstr
 *(.stab.indexstr)

.comment        0x00000000       0x5c
 *(.comment)
 .comment       0x00000000       0x30 adcDriver.o
                                 0x31 (size before relaxing)
 .comment       0x00000030       0x31 appUI.o
 .comment       0x00000030       0x31 clksys_driver.o
 .comment       0x00000030       0x31 LUFA/Descriptors.o
 .comment       0x00000030       0x31 LUFA/LUFA/Drivers/USB/Class/Device/CDCClassDevice.o
 .comment       0x00000030       0x31 LUFA/LUFA/Drivers/USB/Core/DeviceStandardReq.o
 .comment       0x00000030       0x31 LUFA/LUFA/Drivers/USB/Core/USBTask.o
 .comment       0x00000030       0x31 LUFA/LUFA/Drivers/USB/Core/XMEGA/EndpointStream_XMEGA.o
 .comment       0x00000030       0x31 LUFA/LUFA/Drivers/USB/Core/XMEGA/Endpoint_XMEGA.o
 .comment       0x00000030       0x31 LUFA/LUFA/Drivers/USB/Core/XMEGA/USBController_XMEGA.o
 .comment       0x00000030       0x31 LUFA/LUFA/Drivers/USB/Core/XMEGA/USBInterrupt_XMEGA.o
 .comment       0x00000030       0x31 main.o
 .comment       0x00000030       0x31 menu.o
 .comment       0x00000030       0x31 peripherals.o
 .comment       0x00000030       0x31 rtcDriver.o
 .comment       0x00000030       0x31 timeEvent.o
 .comment       0x00000030       0x31 twiDriver.o
 .comment       0x00000030       0x2c c:/program files (x86)/atmel/studio/7.0/toolchain/avr8/avr8-gnu-toolchain/bin/../lib/gcc/avr/4.9.2/../../../../avr/lib/avrxmega7\libprintf_flt.a(vfprintf_flt.o)
                                 0x2d (size before relaxing)
 .comment       0x0000005c       0x31 c:/program files (x86)/atmel/studio/7.0/toolchain/avr8/avr8-gnu-toolchain/bin/../lib/gcc/avr/4.9.2/../../../../avr/lib/avrxmega7\libc.a(malloc.o)
 .comment       0x0000005c       0x31 c:/program files (x86)/atmel/studio/7.0/toolchain/avr8/avr8-gnu-toolchain/bin/../lib/gcc/avr/4.9.2/../../../../avr/lib/avrxmega7\libc.a(fputc.o)
 .comment       0x0000005c       0x31 c:/program files (x86)/atmel/studio/7.0/toolchain/avr8/avr8-gnu-toolchain/bin/../lib/gcc/avr/4.9.2/../../../../avr/lib/avrxmega7\libc.a(iob.o)
 .comment       0x0000005c       0x31 c:/program files (x86)/atmel/studio/7.0/toolchain/avr8/avr8-gnu-toolchain/bin/../lib/gcc/avr/4.9.2/../../../../avr/lib/avrxmega7\libc.a(printf_p.o)
 .comment       0x0000005c       0x31 c:/program files (x86)/atmel/studio/7.0/toolchain/avr8/avr8-gnu-toolchain/bin/../lib/gcc/avr/4.9.2/../../../../avr/lib/avrxmega7\libc.a(vfprintf_p.o)
 .comment       0x0000005c       0x31 c:/program files (x86)/atmel/studio/7.0/toolchain/avr8/avr8-gnu-toolchain/bin/../lib/gcc/avr/4.9.2/../../../../avr/lib/avrxmega7\libc.a(vsnprintf_p.o)

.note.gnu.avr.deviceinfo
                0x00000000       0x40
 .note.gnu.avr.deviceinfo
                0x00000000       0x40 C:/Program Files (x86)/Atmel/Studio/7.0/Packs/atmel/XMEGAA_DFP/1.0.38/gcc/dev/atxmega128a1u/avrxmega7/crtatxmega128a1u.o

.note.gnu.build-id
 *(.note.gnu.build-id)

.debug
 *(.debug)

.line
 *(.line)

.debug_srcinfo
 *(.debug_srcinfo)

.debug_sfnames
 *(.debug_sfnames)

.debug_aranges  0x00000000      0x720
 *(.debug_aranges)
 .debug_aranges
                0x00000000       0x38 adcDriver.o
 .debug_aranges
                0x00000038       0x80 appUI.o
 .debug_aranges
                0x000000b8       0x68 clksys_driver.o
 .debug_aranges
                0x00000120       0x20 LUFA/Descriptors.o
 .debug_aranges
                0x00000140       0x98 LUFA/LUFA/Drivers/USB/Class/Device/CDCClassDevice.o
 .debug_aranges
                0x000001d8       0x20 LUFA/LUFA/Drivers/USB/Core/DeviceStandardReq.o
 .debug_aranges
                0x000001f8       0x20 LUFA/LUFA/Drivers/USB/Core/USBTask.o
 .debug_aranges
                0x00000218       0xc8 LUFA/LUFA/Drivers/USB/Core/XMEGA/EndpointStream_XMEGA.o
 .debug_aranges
                0x000002e0       0x90 LUFA/LUFA/Drivers/USB/Core/XMEGA/Endpoint_XMEGA.o
 .debug_aranges
                0x00000370       0x30 LUFA/LUFA/Drivers/USB/Core/XMEGA/USBController_XMEGA.o
 .debug_aranges
                0x000003a0       0x30 LUFA/LUFA/Drivers/USB/Core/XMEGA/USBInterrupt_XMEGA.o
 .debug_aranges
                0x000003d0       0x28 main.o
 .debug_aranges
                0x000003f8       0x78 menu.o
 .debug_aranges
                0x00000470       0xd8 peripherals.o
 .debug_aranges
                0x00000548       0xd8 rtcDriver.o
 .debug_aranges
                0x00000620       0xa0 timeEvent.o
 .debug_aranges
                0x000006c0       0x60 twiDriver.o

.debug_pubnames
 *(.debug_pubnames)

.debug_info     0x00000000    0x1386f
 *(.debug_info .gnu.linkonce.wi.*)
 .debug_info    0x00000000     0x13b8 adcDriver.o
 .debug_info    0x000013b8      0xbaf appUI.o
 .debug_info    0x00001f67      0x646 clksys_driver.o
 .debug_info    0x000025ad      0x999 LUFA/Descriptors.o
 .debug_info    0x00002f46      0xf94 LUFA/LUFA/Drivers/USB/Class/Device/CDCClassDevice.o
 .debug_info    0x00003eda     0x11b5 LUFA/LUFA/Drivers/USB/Core/DeviceStandardReq.o
 .debug_info    0x0000508f      0x433 LUFA/LUFA/Drivers/USB/Core/USBTask.o
 .debug_info    0x000054c2     0x17bd LUFA/LUFA/Drivers/USB/Core/XMEGA/EndpointStream_XMEGA.o
 .debug_info    0x00006c7f      0xd1b LUFA/LUFA/Drivers/USB/Core/XMEGA/Endpoint_XMEGA.o
 .debug_info    0x0000799a      0xd55 LUFA/LUFA/Drivers/USB/Core/XMEGA/USBController_XMEGA.o
 .debug_info    0x000086ef      0x9ed LUFA/LUFA/Drivers/USB/Core/XMEGA/USBInterrupt_XMEGA.o
 .debug_info    0x000090dc     0x14d9 main.o
 .debug_info    0x0000a5b5     0x2f5f menu.o
 .debug_info    0x0000d514     0x2e27 peripherals.o
 .debug_info    0x0001033b     0x11de rtcDriver.o
 .debug_info    0x00011519     0x19ce timeEvent.o
 .debug_info    0x00012ee7      0x988 twiDriver.o

.debug_abbrev   0x00000000     0x3326
 *(.debug_abbrev)
 .debug_abbrev  0x00000000      0x205 adcDriver.o
 .debug_abbrev  0x00000205      0x34b appUI.o
 .debug_abbrev  0x00000550      0x1c8 clksys_driver.o
 .debug_abbrev  0x00000718      0x1ac LUFA/Descriptors.o
 .debug_abbrev  0x000008c4      0x3ec LUFA/LUFA/Drivers/USB/Class/Device/CDCClassDevice.o
 .debug_abbrev  0x00000cb0      0x377 LUFA/LUFA/Drivers/USB/Core/DeviceStandardReq.o
 .debug_abbrev  0x00001027      0x21a LUFA/LUFA/Drivers/USB/Core/USBTask.o
 .debug_abbrev  0x00001241      0x274 LUFA/LUFA/Drivers/USB/Core/XMEGA/EndpointStream_XMEGA.o
 .debug_abbrev  0x000014b5      0x2f2 LUFA/LUFA/Drivers/USB/Core/XMEGA/Endpoint_XMEGA.o
 .debug_abbrev  0x000017a7      0x2e9 LUFA/LUFA/Drivers/USB/Core/XMEGA/USBController_XMEGA.o
 .debug_abbrev  0x00001a90      0x266 LUFA/LUFA/Drivers/USB/Core/XMEGA/USBInterrupt_XMEGA.o
 .debug_abbrev  0x00001cf6      0x25f main.o
 .debug_abbrev  0x00001f55      0x55d menu.o
 .debug_abbrev  0x000024b2      0x54c peripherals.o
 .debug_abbrev  0x000029fe      0x35b rtcDriver.o
 .debug_abbrev  0x00002d59      0x37c timeEvent.o
 .debug_abbrev  0x000030d5      0x251 twiDriver.o

.debug_line     0x00000000     0x7366
 *(.debug_line .debug_line.* .debug_line_end)
 .debug_line    0x00000000      0x481 adcDriver.o
 .debug_line    0x00000481      0x5b0 appUI.o
 .debug_line    0x00000a31      0x250 clksys_driver.o
 .debug_line    0x00000c81      0x325 LUFA/Descriptors.o
 .debug_line    0x00000fa6      0x7da LUFA/LUFA/Drivers/USB/Class/Device/CDCClassDevice.o
 .debug_line    0x00001780      0x4a6 LUFA/LUFA/Drivers/USB/Core/DeviceStandardReq.o
 .debug_line    0x00001c26      0x1e7 LUFA/LUFA/Drivers/USB/Core/USBTask.o
 .debug_line    0x00001e0d     0x137b LUFA/LUFA/Drivers/USB/Core/XMEGA/EndpointStream_XMEGA.o
 .debug_line    0x00003188      0x6cb LUFA/LUFA/Drivers/USB/Core/XMEGA/Endpoint_XMEGA.o
 .debug_line    0x00003853      0x3b7 LUFA/LUFA/Drivers/USB/Core/XMEGA/USBController_XMEGA.o
 .debug_line    0x00003c0a      0x37b LUFA/LUFA/Drivers/USB/Core/XMEGA/USBInterrupt_XMEGA.o
 .debug_line    0x00003f85      0x2d0 main.o
 .debug_line    0x00004255      0xe15 menu.o
 .debug_line    0x0000506a      0xda7 peripherals.o
 .debug_line    0x00005e11      0x8c5 rtcDriver.o
 .debug_line    0x000066d6      0x793 timeEvent.o
 .debug_line    0x00006e69      0x4fd twiDriver.o

.debug_frame    0x00000000     0x1c0c
 *(.debug_frame)
 .debug_frame   0x00000000      0x124 adcDriver.o
 .debug_frame   0x00000124      0x210 appUI.o
 .debug_frame   0x00000334       0xdc clksys_driver.o
 .debug_frame   0x00000410       0x24 LUFA/Descriptors.o
 .debug_frame   0x00000434      0x1bc LUFA/LUFA/Drivers/USB/Class/Device/CDCClassDevice.o
 .debug_frame   0x000005f0       0x48 LUFA/LUFA/Drivers/USB/Core/DeviceStandardReq.o
 .debug_frame   0x00000638       0x2c LUFA/LUFA/Drivers/USB/Core/USBTask.o
 .debug_frame   0x00000664      0x488 LUFA/LUFA/Drivers/USB/Core/XMEGA/EndpointStream_XMEGA.o
 .debug_frame   0x00000aec      0x164 LUFA/LUFA/Drivers/USB/Core/XMEGA/Endpoint_XMEGA.o
 .debug_frame   0x00000c50       0x5c LUFA/LUFA/Drivers/USB/Core/XMEGA/USBController_XMEGA.o
 .debug_frame   0x00000cac       0x8c LUFA/LUFA/Drivers/USB/Core/XMEGA/USBInterrupt_XMEGA.o
 .debug_frame   0x00000d38       0x8c main.o
 .debug_frame   0x00000dc4      0x3bc menu.o
 .debug_frame   0x00001180      0x2a0 peripherals.o
 .debug_frame   0x00001420      0x318 rtcDriver.o
 .debug_frame   0x00001738      0x234 timeEvent.o
 .debug_frame   0x0000196c      0x2a0 twiDriver.o

.debug_str      0x00000000     0x6980
 *(.debug_str)
 .debug_str     0x00000000     0x14b9 adcDriver.o
                               0x1568 (size before relaxing)
 .debug_str     0x000014b9      0x2f4 appUI.o
                                0x5fc (size before relaxing)
 .debug_str     0x000017ad      0x52c clksys_driver.o
                                0x7dc (size before relaxing)
 .debug_str     0x00001cd9      0x947 LUFA/Descriptors.o
                                0xc7f (size before relaxing)
 .debug_str     0x00002620      0x7e9 LUFA/LUFA/Drivers/USB/Class/Device/CDCClassDevice.o
                                0xb2c (size before relaxing)
 .debug_str     0x00002e09      0x6c7 LUFA/LUFA/Drivers/USB/Core/DeviceStandardReq.o
                               0x1202 (size before relaxing)
 .debug_str     0x000034d0       0x72 LUFA/LUFA/Drivers/USB/Core/USBTask.o
                                0x47c (size before relaxing)
 .debug_str     0x00003542      0x37f LUFA/LUFA/Drivers/USB/Core/XMEGA/EndpointStream_XMEGA.o
                                0x991 (size before relaxing)
 .debug_str     0x000038c1      0x1f0 LUFA/LUFA/Drivers/USB/Core/XMEGA/Endpoint_XMEGA.o
                                0xb02 (size before relaxing)
 .debug_str     0x00003ab1      0x1fd LUFA/LUFA/Drivers/USB/Core/XMEGA/USBController_XMEGA.o
                                0xeb0 (size before relaxing)
 .debug_str     0x00003cae       0xb4 LUFA/LUFA/Drivers/USB/Core/XMEGA/USBInterrupt_XMEGA.o
                                0x933 (size before relaxing)
 .debug_str     0x00003d62     0x10bc main.o
                               0x1643 (size before relaxing)
 .debug_str     0x00004e1e      0xc35 menu.o
                               0x140a (size before relaxing)
 .debug_str     0x00005a53      0x90d peripherals.o
                               0x1f56 (size before relaxing)
 .debug_str     0x00006360      0x199 rtcDriver.o
                                0x8d2 (size before relaxing)
 .debug_str     0x000064f9      0x16f timeEvent.o
                                0xf98 (size before relaxing)
 .debug_str     0x00006668      0x318 twiDriver.o
                                0x8ce (size before relaxing)

.debug_loc      0x00000000     0x8b5a
 *(.debug_loc)
 .debug_loc     0x00000000      0x528 adcDriver.o
 .debug_loc     0x00000528      0x6fc appUI.o
 .debug_loc     0x00000c24      0x2cf clksys_driver.o
 .debug_loc     0x00000ef3      0x226 LUFA/Descriptors.o
 .debug_loc     0x00001119      0x934 LUFA/LUFA/Drivers/USB/Class/Device/CDCClassDevice.o
 .debug_loc     0x00001a4d      0x2f0 LUFA/LUFA/Drivers/USB/Core/DeviceStandardReq.o
 .debug_loc     0x00001d3d       0x22 LUFA/LUFA/Drivers/USB/Core/USBTask.o
 .debug_loc     0x00001d5f     0x22ba LUFA/LUFA/Drivers/USB/Core/XMEGA/EndpointStream_XMEGA.o
 .debug_loc     0x00004019      0x5c8 LUFA/LUFA/Drivers/USB/Core/XMEGA/Endpoint_XMEGA.o
 .debug_loc     0x000045e1       0xa3 LUFA/LUFA/Drivers/USB/Core/XMEGA/USBController_XMEGA.o
 .debug_loc     0x00004684      0x16c LUFA/LUFA/Drivers/USB/Core/XMEGA/USBInterrupt_XMEGA.o
 .debug_loc     0x000047f0      0x201 main.o
 .debug_loc     0x000049f1     0x1039 menu.o
 .debug_loc     0x00005a2a      0x953 peripherals.o
 .debug_loc     0x0000637d     0x123d rtcDriver.o
 .debug_loc     0x000075ba      0xd07 timeEvent.o
 .debug_loc     0x000082c1      0x899 twiDriver.o

.debug_macinfo
 *(.debug_macinfo)

.debug_weaknames
 *(.debug_weaknames)

.debug_funcnames
 *(.debug_funcnames)

.debug_typenames
 *(.debug_typenames)

.debug_varnames
 *(.debug_varnames)

.debug_pubtypes
 *(.debug_pubtypes)

.debug_ranges   0x00000000      0x9e0
 *(.debug_ranges)
 .debug_ranges  0x00000000       0x28 adcDriver.o
 .debug_ranges  0x00000028       0x70 appUI.o
 .debug_ranges  0x00000098       0x58 clksys_driver.o
 .debug_ranges  0x000000f0       0x10 LUFA/Descriptors.o
 .debug_ranges  0x00000100       0x88 LUFA/LUFA/Drivers/USB/Class/Device/CDCClassDevice.o
 .debug_ranges  0x00000188       0x58 LUFA/LUFA/Drivers/USB/Core/DeviceStandardReq.o
 .debug_ranges  0x000001e0       0x10 LUFA/LUFA/Drivers/USB/Core/USBTask.o
 .debug_ranges  0x000001f0      0x348 LUFA/LUFA/Drivers/USB/Core/XMEGA/EndpointStream_XMEGA.o
 .debug_ranges  0x00000538       0xb8 LUFA/LUFA/Drivers/USB/Core/XMEGA/Endpoint_XMEGA.o
 .debug_ranges  0x000005f0       0x20 LUFA/LUFA/Drivers/USB/Core/XMEGA/USBController_XMEGA.o
 .debug_ranges  0x00000610       0x20 LUFA/LUFA/Drivers/USB/Core/XMEGA/USBInterrupt_XMEGA.o
 .debug_ranges  0x00000630       0x18 main.o
 .debug_ranges  0x00000648       0xc8 menu.o
 .debug_ranges  0x00000710       0xc8 peripherals.o
 .debug_ranges  0x000007d8       0xf8 rtcDriver.o
 .debug_ranges  0x000008d0       0xc0 timeEvent.o
 .debug_ranges  0x00000990       0x50 twiDriver.o

.debug_macro
 *(.debug_macro)
OUTPUT(RVBZv2.elf elf32-avr)
LOAD linker stubs
