Archive member included to satisfy reference by file (symbol)

c:/program files (x86)/atmel/studio/7.0/toolchain/avr8/avr8-gnu-toolchain/bin/../lib/gcc/avr/4.9.2/../../../../avr/lib/avrxmega7\libm.a(divsf3.o)
                              timeEvent.o (__divsf3)
c:/program files (x86)/atmel/studio/7.0/toolchain/avr8/avr8-gnu-toolchain/bin/../lib/gcc/avr/4.9.2/../../../../avr/lib/avrxmega7\libm.a(divsf3x.o)
                              c:/program files (x86)/atmel/studio/7.0/toolchain/avr8/avr8-gnu-toolchain/bin/../lib/gcc/avr/4.9.2/../../../../avr/lib/avrxmega7\libm.a(divsf3.o) (__divsf3x)
c:/program files (x86)/atmel/studio/7.0/toolchain/avr8/avr8-gnu-toolchain/bin/../lib/gcc/avr/4.9.2/../../../../avr/lib/avrxmega7\libm.a(fixsfsi.o)
                              adcDriver.o (__fixsfsi)
c:/program files (x86)/atmel/studio/7.0/toolchain/avr8/avr8-gnu-toolchain/bin/../lib/gcc/avr/4.9.2/../../../../avr/lib/avrxmega7\libm.a(fixunssfsi.o)
                              c:/program files (x86)/atmel/studio/7.0/toolchain/avr8/avr8-gnu-toolchain/bin/../lib/gcc/avr/4.9.2/../../../../avr/lib/avrxmega7\libm.a(fixsfsi.o) (__fixunssfsi)
c:/program files (x86)/atmel/studio/7.0/toolchain/avr8/avr8-gnu-toolchain/bin/../lib/gcc/avr/4.9.2/../../../../avr/lib/avrxmega7\libm.a(floatsisf.o)
                              peripherals.o (__floatunsisf)
c:/program files (x86)/atmel/studio/7.0/toolchain/avr8/avr8-gnu-toolchain/bin/../lib/gcc/avr/4.9.2/../../../../avr/lib/avrxmega7\libm.a(fp_inf.o)
                              c:/program files (x86)/atmel/studio/7.0/toolchain/avr8/avr8-gnu-toolchain/bin/../lib/gcc/avr/4.9.2/../../../../avr/lib/avrxmega7\libm.a(divsf3x.o) (__fp_inf)
c:/program files (x86)/atmel/studio/7.0/toolchain/avr8/avr8-gnu-toolchain/bin/../lib/gcc/avr/4.9.2/../../../../avr/lib/avrxmega7\libm.a(fp_nan.o)
                              c:/program files (x86)/atmel/studio/7.0/toolchain/avr8/avr8-gnu-toolchain/bin/../lib/gcc/avr/4.9.2/../../../../avr/lib/avrxmega7\libm.a(divsf3x.o) (__fp_nan)
c:/program files (x86)/atmel/studio/7.0/toolchain/avr8/avr8-gnu-toolchain/bin/../lib/gcc/avr/4.9.2/../../../../avr/lib/avrxmega7\libm.a(fp_pscA.o)
                              c:/program files (x86)/atmel/studio/7.0/toolchain/avr8/avr8-gnu-toolchain/bin/../lib/gcc/avr/4.9.2/../../../../avr/lib/avrxmega7\libm.a(divsf3x.o) (__fp_pscA)
c:/program files (x86)/atmel/studio/7.0/toolchain/avr8/avr8-gnu-toolchain/bin/../lib/gcc/avr/4.9.2/../../../../avr/lib/avrxmega7\libm.a(fp_pscB.o)
                              c:/program files (x86)/atmel/studio/7.0/toolchain/avr8/avr8-gnu-toolchain/bin/../lib/gcc/avr/4.9.2/../../../../avr/lib/avrxmega7\libm.a(divsf3x.o) (__fp_pscB)
c:/program files (x86)/atmel/studio/7.0/toolchain/avr8/avr8-gnu-toolchain/bin/../lib/gcc/avr/4.9.2/../../../../avr/lib/avrxmega7\libm.a(fp_round.o)
                              c:/program files (x86)/atmel/studio/7.0/toolchain/avr8/avr8-gnu-toolchain/bin/../lib/gcc/avr/4.9.2/../../../../avr/lib/avrxmega7\libm.a(divsf3.o) (__fp_round)
c:/program files (x86)/atmel/studio/7.0/toolchain/avr8/avr8-gnu-toolchain/bin/../lib/gcc/avr/4.9.2/../../../../avr/lib/avrxmega7\libm.a(fp_split3.o)
                              c:/program files (x86)/atmel/studio/7.0/toolchain/avr8/avr8-gnu-toolchain/bin/../lib/gcc/avr/4.9.2/../../../../avr/lib/avrxmega7\libm.a(divsf3x.o) (__fp_split3)
c:/program files (x86)/atmel/studio/7.0/toolchain/avr8/avr8-gnu-toolchain/bin/../lib/gcc/avr/4.9.2/../../../../avr/lib/avrxmega7\libm.a(fp_zero.o)
                              c:/program files (x86)/atmel/studio/7.0/toolchain/avr8/avr8-gnu-toolchain/bin/../lib/gcc/avr/4.9.2/../../../../avr/lib/avrxmega7\libm.a(fixunssfsi.o) (__fp_zero)
c:/program files (x86)/atmel/studio/7.0/toolchain/avr8/avr8-gnu-toolchain/bin/../lib/gcc/avr/4.9.2/../../../../avr/lib/avrxmega7\libm.a(mulsf3.o)
                              adcDriver.o (__mulsf3)
c:/program files (x86)/atmel/studio/7.0/toolchain/avr8/avr8-gnu-toolchain/bin/../lib/gcc/avr/4.9.2/../../../../avr/lib/avrxmega7\libm.a(mulsf3x.o)
                              c:/program files (x86)/atmel/studio/7.0/toolchain/avr8/avr8-gnu-toolchain/bin/../lib/gcc/avr/4.9.2/../../../../avr/lib/avrxmega7\libm.a(mulsf3.o) (__mulsf3x)
c:/program files (x86)/atmel/studio/7.0/toolchain/avr8/avr8-gnu-toolchain/bin/../lib/gcc/avr/4.9.2/../../../../avr/lib/avrxmega7\libprintf_flt.a(vfprintf_flt.o)
                              (vfprintf)
c:/program files (x86)/atmel/studio/7.0/toolchain/avr8/avr8-gnu-toolchain/bin/../lib/gcc/avr/4.9.2/avrxmega7\libgcc.a(_divmodhi4.o)
                              menu.o (__divmodhi4)
c:/program files (x86)/atmel/studio/7.0/toolchain/avr8/avr8-gnu-toolchain/bin/../lib/gcc/avr/4.9.2/avrxmega7\libgcc.a(_udivmodsi4.o)
                              serial.o (__udivmodsi4)
c:/program files (x86)/atmel/studio/7.0/toolchain/avr8/avr8-gnu-toolchain/bin/../lib/gcc/avr/4.9.2/avrxmega7\libgcc.a(_exit.o)
[...]
Memory Configuration

Name             Origin             Length             Attributes
text             0x00000000         0x00100000         xr
data             0x00802000         0x0000ffa0         rw !x
eeprom           0x00810000         0x00010000         rw !x
fuse             0x00820000         0x00000400         rw !x
lock             0x00830000         0x00000400         rw !x
signature        0x00840000         0x00000400         rw !x
user_signatures  0x00850000         0x00000400         rw !x
*default*        0x00000000         0xffffffff

Linker script and memory map

LOAD C:/Program Files (x86)/Atmel/Studio/7.0/Packs/atmel/XMEGAA_DFP/1.0.38/gcc/dev/atxmega128a1u/avrxmega7/crtatxmega128a1u.o
LOAD adcDriver.o
LOAD appUI.o
LOAD clksys_driver.o
LOAD dmaDriver.o
LOAD LUFA/Descriptors.o
LOAD LUFA/LUFA/Drivers/Peripheral/AVR8/Serial_AVR8.o
LOAD LUFA/LUFA/Drivers/Peripheral/AVR8/TWI_AVR8.o
LOAD LUFA/LUFA/Drivers/Peripheral/XMEGA/Serial_XMEGA.o
LOAD LUFA/LUFA/Drivers/Peripheral/XMEGA/TWI_XMEGA.o
LOAD LUFA/LUFA/Drivers/USB/Class/Common/HIDParser.o
LOAD LUFA/LUFA/Drivers/USB/Class/Device/AudioClassDevice.o
LOAD LUFA/LUFA/Drivers/USB/Class/Device/CDCClassDevice.o
LOAD LUFA/LUFA/Drivers/USB/Class/Device/HIDClassDevice.o
LOAD LUFA/LUFA/Drivers/USB/Class/Device/MassStorageClassDevice.o
LOAD LUFA/LUFA/Drivers/USB/Class/Device/MIDIClassDevice.o
LOAD LUFA/LUFA/Drivers/USB/Class/Device/PrinterClassDevice.o
LOAD LUFA/LUFA/Drivers/USB/Class/Device/RNDISClassDevice.o
LOAD LUFA/LUFA/Drivers/USB/Class/Host/AndroidAccessoryClassHost.o
LOAD LUFA/LUFA/Drivers/USB/Class/Host/AudioClassHost.o
LOAD LUFA/LUFA/Drivers/USB/Class/Host/CDCClassHost.o
LOAD LUFA/LUFA/Drivers/USB/Class/Host/HIDClassHost.o
LOAD LUFA/LUFA/Drivers/USB/Class/Host/MassStorageClassHost.o
LOAD LUFA/LUFA/Drivers/USB/Class/Host/MIDIClassHost.o
LOAD LUFA/LUFA/Drivers/USB/Class/Host/PrinterClassHost.o
LOAD LUFA/LUFA/Drivers/USB/Class/Host/RNDISClassHost.o
LOAD LUFA/LUFA/Drivers/USB/Class/Host/StillImageClassHost.o
LOAD LUFA/LUFA/Drivers/USB/Core/ConfigDescriptors.o
LOAD LUFA/LUFA/Drivers/USB/Core/DeviceStandardReq.o
LOAD LUFA/LUFA/Drivers/USB/Core/Events.o
LOAD LUFA/LUFA/Drivers/USB/Core/HostStandardReq.o
LOAD LUFA/LUFA/Drivers/USB/Core/USBTask.o
LOAD LUFA/LUFA/Drivers/USB/Core/XMEGA/Device_XMEGA.o
LOAD LUFA/LUFA/Drivers/USB/Core/XMEGA/EndpointStream_XMEGA.o
LOAD LUFA/LUFA/Drivers/USB/Core/XMEGA/Endpoint_XMEGA.o
LOAD LUFA/LUFA/Drivers/USB/Core/XMEGA/Host_XMEGA.o
LOAD LUFA/LUFA/Drivers/USB/Core/XMEGA/PipeStream_XMEGA.o
LOAD LUFA/LUFA/Drivers/USB/Core/XMEGA/Pipe_XMEGA.o
LOAD LUFA/LUFA/Drivers/USB/Core/XMEGA/Template/Template_Endpoint_Control_R.o
LOAD LUFA/LUFA/Drivers/USB/Core/XMEGA/Template/Template_Endpoint_Control_W.o
LOAD LUFA/LUFA/Drivers/USB/Core/XMEGA/Template/Template_Endpoint_RW.o
LOAD LUFA/LUFA/Drivers/USB/Core/XMEGA/USBController_XMEGA.o
LOAD LUFA/LUFA/Drivers/USB/Core/XMEGA/USBInterrupt_XMEGA.o
LOAD main.o
LOAD menu.o
LOAD peripherals.o
LOAD remoteDriver.o
LOAD remoteInterface.o
LOAD rtcDriver.o
LOAD serial.o
LOAD timeEvent.o
LOAD twiDriver.o
START GROUP
LOAD c:/program files (x86)/atmel/studio/7.0/toolchain/avr8/avr8-gnu-toolchain/bin/../lib/gcc/avr/4.9.2/../../../../avr/lib/avrxmega7\libm.a
END GROUP
LOAD c:/program files (x86)/atmel/studio/7.0/toolchain/avr8/avr8-gnu-toolchain/bin/../lib/gcc/avr/4.9.2/../../../../avr/lib/avrxmega7\libprintf_flt.a
LOAD c:/program files (x86)/atmel/studio/7.0/toolchain/avr8/avr8-gnu-toolchain/bin/../lib/gcc/avr/4.9.2/avrxmega7\libgcc.a
LOAD c:/program files (x86)/atmel/studio/7.0/toolchain/avr8/avr8-gnu-toolchain/bin/../lib/gcc/avr/4.9.2/../../../../avr/lib/avrxmega7\libm.a
START GROUP
LOAD c:/program files (x86)/atmel/studio/7.0/toolchain/avr8/avr8-gnu-toolchain/bin/../lib/gcc/avr/4.9.2/avrxmega7\libgcc.a
LOAD c:/program files (x86)/atmel/studio/7.0/toolchain/avr8/avr8-gnu-toolchain/bin/../lib/gcc/avr/4.9.2/../../../../avr/lib/avrxmega7\libm.a
LOAD c:/program files (x86)/atmel/studio/7.0/toolchain/avr8/avr8-gnu-toolchain/bin/../lib/gcc/avr/4.9.2/../../../../avr/lib/avrxmega7\libc.a
LOAD C:/Program Files (x86)/Atmel/Studio/7.0/Packs/atmel/XMEGAA_DFP/1.0.38/gcc/dev/atxmega128a1u/avrxmega7\libatxmega128a1u.a
END GROUP

.hash
 *(.hash)

.dynsym
 *(.dynsym)

.dynstr
 *(.dynstr)

.gnu.version
 *(.gnu.version)

.gnu.version_d
 *(.gnu.version_d)

.gnu.version_r
 *(.gnu.version_r)

.rel.init
 *(.rel.init)

.rela.init
 *(.rela.init)

.rel.text
 *(.rel.text)
 *(.rel.text.*)
 *(.rel.gnu.linkonce.t*)

.rela.text
 *(.rela.text)
 *(.rela.text.*)
 *(.rela.gnu.linkonce.t*)

.rel.fini
 *(.rel.fini)

.rela.fini
 *(.rela.fini)

.rel.rodata
 *(.rel.rodata)
 *(.rel.rodata.*)
 *(.rel.gnu.linkonce.r*)

.rela.rodata
 *(.rela.rodata)
 *(.rela.rodata.*)
 *(.rela.gnu.linkonce.r*)

.rel.data
 *(.rel.data)
 *(.rel.data.*)
 *(.rel.gnu.linkonce.d*)

.rela.data
 *(.rela.data)
 *(.rela.data.*)
 *(.rela.gnu.linkonce.d*)

.rel.ctors
 *(.rel.ctors)

.rela.ctors
 *(.rela.ctors)

.rel.dtors
 *(.rel.dtors)

.rela.dtors
 *(.rela.dtors)

.rel.got
 *(.rel.got)

.rela.got
 *(.rela.got)

.rel.bss
 *(.rel.bss)

.rela.bss
 *(.rela.bss)

.rel.plt
 *(.rel.plt)

.rela.plt
 *(.rela.plt)

.text           0x00000000     0x7118
 *(.vectors)
 .vectors       0x00000000      0x1fc C:/Program Files (x86)/Atmel/Studio/7.0/Packs/atmel/XMEGAA_DFP/1.0.38/gcc/dev/atxmega128a1u/avrxmega7/crtatxmega128a1u.o
                0x00000000                __vector_default
                0x00000000                __vectors
 *(.vectors)
 *(.progmem.gcc*)
                0x000001fc                . = ALIGN (0x2)
                0x000001fc                __trampolines_start = .
 *(.trampolines)
 .trampolines   0x000001fc        0x0 linker stubs
 *(.trampolines*)
                0x000001fc                __trampolines_end = .
 *(.progmem*)
 .progmem.data.__c.7059
                0x000001fc        0x5 appUI.o
 .progmem.data.__c.7057
                0x00000201        0xd appUI.o
 .progmem.data.__c.7044
                0x0000020e        0x5 appUI.o
 .progmem.data.__c.7042
                0x00000213        0x3 appUI.o
 .progmem.data.__c.7005
                0x00000216       0x33 appUI.o
 .progmem.data.__c.7001
                0x00000249        0xd appUI.o
 .progmem.data.__c.6999
                0x00000256       0x17 appUI.o
 .progmem.data.__c.6993
                0x0000026d       0x17 appUI.o
 .progmem.data.__c.6990
                0x00000284       0x13 appUI.o
 .progmem.data.__c.6987
                0x00000297       0x16 appUI.o
 .progmem.data.__c.6983
                0x000002ad       0x15 appUI.o
 .progmem.data.__c.6980
                0x000002c2        0x8 appUI.o
 .progmem.data.__c.6974
                0x000002ca        0x9 appUI.o
 .progmem.data.__c.6971
                0x000002d3        0x9 appUI.o
 .progmem.data.__c.6968
                0x000002dc        0x9 appUI.o
 .progmem.data.__c.6964
                0x000002e5        0x9 appUI.o
 .progmem.data.ProductString
                0x000002ee       0x1e LUFA/Descriptors.o
                0x000002ee                ProductString
 .progmem.data.ManufacturerString
                0x0000030c       0x1a LUFA/Descriptors.o
                0x0000030c                ManufacturerString
 .progmem.data.LanguageString
                0x00000326        0x4 LUFA/Descriptors.o
                0x00000326                LanguageString
 .progmem.data.ConfigurationDescriptor
                0x0000032a       0x3e LUFA/Descriptors.o
                0x0000032a                ConfigurationDescriptor
 .progmem.data.DeviceDescriptor
                0x00000368       0x12 LUFA/Descriptors.o
                0x00000368                DeviceDescriptor
 .progmem.data.__c.7348
                0x0000037a       0x1e menu.o
 .progmem.data.__c.7284
                0x00000398       0x20 menu.o
 .progmem.data.__c.7282
                0x000003b8       0x20 menu.o
 .progmem.data.__c.7279
                0x000003d8        0x6 menu.o
 .progmem.data.__c.7277
                0x000003de        0x5 menu.o
 .progmem.data.__c.7275
                0x000003e3        0x8 menu.o
 .progmem.data.__c.7273
                0x000003eb        0x8 menu.o
 .progmem.data.__c.7271
                0x000003f3       0x1a menu.o
 .progmem.data.__c.7269
                0x0000040d       0x25 menu.o
 .progmem.data.__c.7267
                0x00000432        0x6 menu.o
 .progmem.data.__c.7265
                0x00000438       0x16 menu.o
 .progmem.data.__c.7263
                0x0000044e        0x9 menu.o
 .progmem.data.__c.7258
                0x00000457       0x1c menu.o
 .progmem.data.__c.7256
                0x00000473       0x1b menu.o
 .progmem.data.__c.7254
                0x0000048e       0x10 menu.o
 .progmem.data.__c.7252
                0x0000049e        0xf menu.o
 .progmem.data.__c.7250
                0x000004ad       0x22 menu.o
 .progmem.data.__c.7248
                0x000004cf       0x22 menu.o
 .progmem.data.__c.7246
                0x000004f1        0xa menu.o
 .progmem.data.__c.7244
                0x000004fb        0x8 menu.o
 .progmem.data.__c.7242
                0x00000503        0x8 menu.o
 .progmem.data.__c.7240
                0x0000050b        0xa menu.o
 .progmem.data.__c.7238
                0x00000515        0x8 menu.o
 .progmem.data.__c.7236
                0x0000051d        0x6 menu.o
 .progmem.data.__c.7234
                0x00000523       0x10 menu.o
 .progmem.data.__c.7232
                0x00000533       0x1d menu.o
 .progmem.data.__c.7230
                0x00000550        0xc menu.o
 .progmem.data.__c.7228
                0x0000055c       0x11 menu.o
 .progmem.data.__c.7224
                0x0000056d        0xb menu.o
 .progmem.data.__c.7222
                0x00000578       0x14 menu.o
 .progmem.data.__c.7220
                0x0000058c       0x1d menu.o
 .progmem.data.__c.7218
                0x000005a9       0x19 menu.o
 .progmem.data.__c.7216
                0x000005c2        0xb menu.o
 .progmem.data.__c.7214
                0x000005cd        0xc menu.o
 .progmem.data.__c.7212
                0x000005d9        0xb menu.o
 .progmem.data.__c.7210
                0x000005e4        0xb menu.o
 .progmem.data.__c.7208
                0x000005ef       0x1e menu.o
 .progmem.data.__c.7206
                0x0000060d       0x20 menu.o
 .progmem.data.__c.7202
                0x0000062d       0x1b menu.o
 .progmem.data.__c.7200
                0x00000648       0x23 menu.o
 .progmem.data.__c.7196
                0x0000066b        0xd menu.o
 .progmem.data.__c.7372
                0x00000678       0x1c menu.o
 .progmem.data.__c.7145
                0x00000694       0x31 menu.o
 .progmem.data.__c.7143
                0x000006c5       0x25 menu.o
 .progmem.data.__c.7141
                0x000006ea       0x1f menu.o
 .progmem.data.__c.7139
                0x00000709       0x18 menu.o
 .progmem.data.__c.7137
                0x00000721       0x24 menu.o
 .progmem.data.__c.7135
                0x00000745       0x1e menu.o
 .progmem.data.__c.7133
                0x00000763       0x18 menu.o
 .progmem.data.__c.7131
                0x0000077b       0x24 menu.o
 .progmem.data.__c.7129
                0x0000079f       0x1e menu.o
 .progmem.data.__c.7127
                0x000007bd       0x18 menu.o
 .progmem.data.__c.7125
                0x000007d5        0xf menu.o
 .progmem.data.__c.7123
                0x000007e4        0x4 menu.o
 .progmem.data.__c.7121
                0x000007e8        0xe menu.o
 .progmem.data.__c.7119
                0x000007f6        0x3 menu.o
 .progmem.data.__c.7117
                0x000007f9        0x6 menu.o
 .progmem.data.__c.7115
                0x000007ff        0x7 menu.o
 .progmem.data.__c.7113
                0x00000806        0x8 menu.o
 .progmem.data.__c.7111
                0x0000080e        0x6 menu.o
 .progmem.data.__c.7109
                0x00000814       0x17 menu.o
 .progmem.data.__c.7107
                0x0000082b        0x4 menu.o
 .progmem.data.__c.7105
                0x0000082f       0x19 menu.o
 .progmem.data.__c.7103
                0x00000848        0x6 menu.o
 .progmem.data.__c.7101
                0x0000084e       0x18 menu.o
 .progmem.data.__c.7099
                0x00000866        0x5 menu.o
 .progmem.data.strDevice
                0x0000086b        0x8 menu.o
                0x0000086b                strDevice
 .progmem.data.strMenu
                0x00000873        0x8 menu.o
                0x00000873                strMenu
 .progmem.data.strDeviceMbc
                0x0000087b        0x4 menu.o
                0x0000087b                strDeviceMbc
 .progmem.data.strDeviceBein
                0x0000087f        0x5 menu.o
                0x0000087f                strDeviceBein
 .progmem.data.strDeviceHumax
                0x00000884        0x6 menu.o
                0x00000884                strDeviceHumax
 .progmem.data.strMenuRemote
                0x0000088a        0x7 menu.o
                0x0000088a                strMenuRemote
 .progmem.data.strMenuSettings
                0x00000891        0x9 menu.o
                0x00000891                strMenuSettings
 .progmem.data.strMenuMain
                0x0000089a        0x5 menu.o
                0x0000089a                strMenuMain
 .progmem.data.strNoone
                0x0000089f        0x6 menu.o
                0x0000089f                strNoone
 .progmem.data.__c.7138
                0x000008a5       0x15 peripherals.o
 .progmem.data.__c.7136
                0x000008ba       0x11 peripherals.o
 .progmem.data.__c.7134
                0x000008cb        0xf peripherals.o
 .progmem.data.__c.7077
                0x000008da        0x7 peripherals.o
 .progmem.data.__c.7074
                0x000008e1        0x7 peripherals.o
 .progmem.data.__c.7071
                0x000008e8        0x7 peripherals.o
 .progmem.data.__c.7068
                0x000008ef        0x7 peripherals.o
 .progmem.data.__c.7065
                0x000008f6        0x7 peripherals.o
 .progmem.data.__c.7062
                0x000008fd        0x7 peripherals.o
 .progmem.data.__c.7059
                0x00000904        0x7 peripherals.o
 .progmem.data.__c.7055
                0x0000090b        0x7 peripherals.o
 .progmem.data.__c.7050
                0x00000912        0x8 peripherals.o
 .progmem.data.__c.7047
                0x0000091a        0x6 peripherals.o
 .progmem.data.__c.7044
                0x00000920        0x6 peripherals.o
 .progmem.data.__c.7041
                0x00000926        0x6 peripherals.o
 .progmem.data.__c.7038
                0x0000092c        0x8 peripherals.o
 .progmem.data.__c.7035
                0x00000934        0x8 peripherals.o
 .progmem.data.__c.7032
                0x0000093c        0x8 peripherals.o
 .progmem.data.__c.7028
                0x00000944        0x6 peripherals.o
 .progmem.data.__c.6990
                0x0000094a        0xd peripherals.o
 .progmem.data.__c.7125
                0x00000957        0x4 peripherals.o
 .progmem.data.__c.7122
                0x0000095b        0x9 peripherals.o
 .progmem.data.__c.7119
                0x00000964        0xa peripherals.o
 .progmem.data.__c.7116
                0x0000096e        0x7 peripherals.o
 .progmem.data.__c.7113
                0x00000975        0xa peripherals.o
 .progmem.data.__c.7110
                0x0000097f        0xa peripherals.o
 .progmem.data.__c.7107
                0x00000989        0xe peripherals.o
 .progmem.data.__c.7104
                0x00000997        0xe peripherals.o
 .progmem.data.__c.7100
                0x000009a5        0xa peripherals.o
 .progmem.data.__c.7020
                0x000009af       0x2e peripherals.o
 .progmem.data.__c.6974
                0x000009dd       0x16 peripherals.o
 .progmem.data.__c.7038
                0x000009f3       0x1d remoteDriver.o
 .progmem.data.__c.7185
                0x00000a10       0x14 remoteDriver.o
 .progmem.data.__c.7182
                0x00000a24        0x2 remoteDriver.o
 .progmem.data.__c.7179
                0x00000a26        0x2 remoteDriver.o
 .progmem.data.__c.7176
                0x00000a28        0x2 remoteDriver.o
 .progmem.data.__c.7173
                0x00000a2a        0x2 remoteDriver.o
 .progmem.data.__c.7170
                0x00000a2c        0x2 remoteDriver.o
 .progmem.data.__c.7167
                0x00000a2e        0x2 remoteDriver.o
 .progmem.data.__c.7164
                0x00000a30        0x2 remoteDriver.o
 .progmem.data.__c.7161
                0x00000a32        0x2 remoteDriver.o
 .progmem.data.__c.7158
                0x00000a34        0x2 remoteDriver.o
 .progmem.data.__c.7155
                0x00000a36        0x2 remoteDriver.o
 .progmem.data.__c.7152
                0x00000a38        0x9 remoteDriver.o
 .progmem.data.__c.7149
                0x00000a41        0x7 remoteDriver.o
 .progmem.data.__c.7146
                0x00000a48        0x9 remoteDriver.o
 .progmem.data.__c.7143
                0x00000a51        0x5 remoteDriver.o
 .progmem.data.__c.7140
                0x00000a56        0x6 remoteDriver.o
 .progmem.data.__c.7137
                0x00000a5c        0x5 remoteDriver.o
 .progmem.data.__c.7134
                0x00000a61        0x7 remoteDriver.o
 .progmem.data.__c.7131
                0x00000a68        0x6 remoteDriver.o
 .progmem.data.__c.7128
                0x00000a6e        0x4 remoteDriver.o
 .progmem.data.__c.7125
                0x00000a72        0xf remoteDriver.o
 .progmem.data.__c.7122
                0x00000a81        0xd remoteDriver.o
 .progmem.data.__c.7119
                0x00000a8e        0xa remoteDriver.o
 .progmem.data.__c.7116
                0x00000a98        0x6 remoteDriver.o
 .progmem.data.__c.7113
                0x00000a9e        0x5 remoteDriver.o
 .progmem.data.__c.7110
                0x00000aa3        0x5 remoteDriver.o
 .progmem.data.__c.7107
                0x00000aa8        0x7 remoteDriver.o
 .progmem.data.__c.7104
                0x00000aaf        0x5 remoteDriver.o
 .progmem.data.__c.7101
                0x00000ab4        0x8 remoteDriver.o
 .progmem.data.__c.7098
                0x00000abc        0xc remoteDriver.o
 .progmem.data.__c.7095
                0x00000ac8        0xb remoteDriver.o
 .progmem.data.__c.7092
                0x00000ad3        0xb remoteDriver.o
 .progmem.data.__c.7089
                0x00000ade        0x9 remoteDriver.o
 .progmem.data.__c.7086
                0x00000ae7        0xb remoteDriver.o
 .progmem.data.__c.7082
                0x00000af2        0xd remoteDriver.o
 .progmem.data.__c.7079
                0x00000aff       0x17 remoteDriver.o
 .progmem.data.__c.6989
                0x00000b16       0x1b remoteDriver.o
 .progmem.data.__c.6987
                0x00000b31       0x1a remoteDriver.o
 .progmem.data.__c.7028
                0x00000b4b        0x9 remoteDriver.o
 .progmem.data.__c.7022
                0x00000b54       0x21 remoteDriver.o
 .progmem.data.__c.7001
                0x00000b75        0x3 remoteDriver.o
 .progmem.data.__c.6996
                0x00000b78       0x44 remoteDriver.o
 .progmem.data.__c.6994
                0x00000bbc       0x17 remoteDriver.o
 .progmem.data.__c.6975
                0x00000bd3       0x10 rtcDriver.o
 .progmem.data.__c.6970
                0x00000be3       0x10 rtcDriver.o
 .progmem.data.__c.7044
                0x00000bf3       0x1b timeEvent.o
 .progmem.data.__c.6969
                0x00000c0e       0x1c timeEvent.o
 .progmem.data  0x00000c2a        0x8 c:/program files (x86)/atmel/studio/7.0/toolchain/avr8/avr8-gnu-toolchain/bin/../lib/gcc/avr/4.9.2/../../../../avr/lib/avrxmega7\libprintf_flt.a(vfprintf_flt.o)
 .progmem.data  0x00000c32       0xfa c:/program files (x86)/atmel/studio/7.0/toolchain/avr8/avr8-gnu-toolchain/bin/../lib/gcc/avr/4.9.2/../../../../avr/lib/avrxmega7\libc.a(ftoa_engine.o)
 .progmem.data  0x00000d2c        0xc c:/program files (x86)/atmel/studio/7.0/toolchain/avr8/avr8-gnu-toolchain/bin/../lib/gcc/avr/4.9.2/../../../../avr/lib/avrxmega7\libc.a(vfscanf_std.o)
                0x00000d38                . = ALIGN (0x2)
 *(.jumptables)
 *(.jumptables*)
 *(.lowtext)
 *(.lowtext*)
                0x00000d38                __ctors_start = .
 *(.ctors)
                0x00000d38                __ctors_end = .
                0x00000d38                __dtors_start = .
 *(.dtors)
                0x00000d38                __dtors_end = .
 SORT(*)(.ctors)
 SORT(*)(.dtors)
 *(.init0)
 .init0         0x00000d38        0x0 C:/Program Files (x86)/Atmel/Studio/7.0/Packs/atmel/XMEGAA_DFP/1.0.38/gcc/dev/atxmega128a1u/avrxmega7/crtatxmega128a1u.o
                0x00000d38                __init
 *(.init0)
 *(.init1)
 *(.init1)
 *(.init2)
 .init2         0x00000d38       0x18 C:/Program Files (x86)/Atmel/Studio/7.0/Packs/atmel/XMEGAA_DFP/1.0.38/gcc/dev/atxmega128a1u/avrxmega7/crtatxmega128a1u.o
 *(.init2)
 *(.init3)
 *(.init3)
 *(.init4)
 .init4         0x00000d50       0x1c c:/program files (x86)/atmel/studio/7.0/toolchain/avr8/avr8-gnu-toolchain/bin/../lib/gcc/avr/4.9.2/avrxmega7\libgcc.a(_copy_data.o)
                0x00000d50                __do_copy_data
 .init4         0x00000d6c       0x10 c:/program files (x86)/atmel/studio/7.0/toolchain/avr8/avr8-gnu-toolchain/bin/../lib/gcc/avr/4.9.2/avrxmega7\libgcc.a(_clear_bss.o)
                0x00000d6c                __do_clear_bss
 *(.init4)
 *(.init5)
 *(.init5)
 *(.init6)
 *(.init6)
 *(.init7)
 *(.init7)
 *(.init8)
 *(.init8)
 *(.init9)
 .init9         0x00000d7c        0x8 C:/Program Files (x86)/Atmel/Studio/7.0/Packs/atmel/XMEGAA_DFP/1.0.38/gcc/dev/atxmega128a1u/avrxmega7/crtatxmega128a1u.o
 *(.init9)
 *(.text)
 .text          0x00000d84        0x2 C:/Program Files (x86)/Atmel/Studio/7.0/Packs/atmel/XMEGAA_DFP/1.0.38/gcc/dev/atxmega128a1u/avrxmega7/crtatxmega128a1u.o
                0x00000d84                __vector_38
                0x00000d84                __vector_104
                0x00000d84                __vector_22
                0x00000d84                __vector_63
                0x00000d84                __vector_28
                0x00000d84                __vector_67
                0x00000d84                __vector_1
                0x00000d84                __vector_119
                0x00000d84                __vector_32
                0x00000d84                __vector_71
                0x00000d84                __vector_91
                0x00000d84                __vector_34
                0x00000d84                __vector_62
                0x00000d84                __vector_77
                0x00000d84                __vector_102
                0x00000d84                __vector_24
                0x00000d84                __vector_55
                0x00000d84                __vector_69
                0x00000d84                __vector_81
                0x00000d84                __vector_90
                0x00000d84                __bad_interrupt
                0x00000d84                __vector_122
                0x00000d84                __vector_72
                0x00000d84                __vector_114
                0x00000d84                __vector_6
                0x00000d84                __vector_110
                0x00000d84                __vector_31
                0x00000d84                __vector_92
                0x00000d84                __vector_35
                0x00000d84                __vector_78
                0x00000d84                __vector_74
                0x00000d84                __vector_117
                0x00000d84                __vector_39
                0x00000d84                __vector_107
                0x00000d84                __vector_3
                0x00000d84                __vector_105
                0x00000d84                __vector_98
                0x00000d84                __vector_23
                0x00000d84                __vector_68
                0x00000d84                __vector_30
                0x00000d84                __vector_73
                0x00000d84                __vector_25
                0x00000d84                __vector_93
                0x00000d84                __vector_61
                0x00000d84                __vector_11
                0x00000d84                __vector_54
                0x00000d84                __vector_99
                0x00000d84                __vector_17
                0x00000d84                __vector_19
                0x00000d84                __vector_56
                0x00000d84                __vector_7
                0x00000d84                __vector_49
                0x00000d84                __vector_123
                0x00000d84                __vector_41
                0x00000d84                __vector_86
                0x00000d84                __vector_100
                0x00000d84                __vector_101
                0x00000d84                __vector_64
                0x00000d84                __vector_88
                0x00000d84                __vector_109
                0x00000d84                __vector_43
                0x00000d84                __vector_27
                0x00000d84                __vector_5
                0x00000d84                __vector_113
                0x00000d84                __vector_33
                0x00000d84                __vector_115
                0x00000d84                __vector_47
                0x00000d84                __vector_52
                0x00000d84                __vector_37
                0x00000d84                __vector_95
                0x00000d84                __vector_103
                0x00000d84                __vector_96
                0x00000d84                __vector_89
                0x00000d84                __vector_108
                0x00000d84                __vector_4
                0x00000d84                __vector_44
                0x00000d84                __vector_82
                0x00000d84                __vector_106
                0x00000d84                __vector_118
                0x00000d84                __vector_51
                0x00000d84                __vector_9
                0x00000d84                __vector_2
                0x00000d84                __vector_21
                0x00000d84                __vector_15
                0x00000d84                __vector_66
                0x00000d84                __vector_36
                0x00000d84                __vector_58
                0x00000d84                __vector_70
                0x00000d84                __vector_83
                0x00000d84                __vector_29
                0x00000d84                __vector_60
                0x00000d84                __vector_121
                0x00000d84                __vector_40
                0x00000d84                __vector_85
                0x00000d84                __vector_94
                0x00000d84                __vector_126
                0x00000d84                __vector_8
                0x00000d84                __vector_26
                0x00000d84                __vector_48
                0x00000d84                __vector_124
                0x00000d84                __vector_116
                0x00000d84                __vector_112
                0x00000d84                __vector_111
                0x00000d84                __vector_80
                0x00000d84                __vector_14
                0x00000d84                __vector_84
                0x00000d84                __vector_57
                0x00000d84                __vector_53
                0x00000d84                __vector_50
                0x00000d84                __vector_16
                0x00000d84                __vector_59
                0x00000d84                __vector_18
                0x00000d84                __vector_97
                0x00000d84                __vector_20
                0x00000d84                __vector_42
                0x00000d84                __vector_87
                0x00000d84                __vector_65
                0x00000d84                __vector_120
                0x00000d86                . = ALIGN (0x2)
 *(.text.*)
 .text._ZL23adcMeasureSingleChannelh
                0x00000d86       0xe2 adcDriver.o
 .text.adcInit  0x00000e68      0x12e adcDriver.o
                0x00000e68                adcInit
 .text.adcMeasure
                0x00000f96      0x178 adcDriver.o
                0x00000f96                adcMeasure
 .text.appUICleanUSB
                0x0000110e       0x30 appUI.o
                0x0000110e                appUICleanUSB
 .text.appUICleanWebsite
                0x0000113e       0x36 appUI.o
                0x0000113e                appUICleanWebsite
 .text.appUIClean
                0x00001174        0x6 appUI.o
                0x00001174                appUIClean
 .text.appUIGetBufWebsiteSpaceRemaining
                0x0000117a       0x1c appUI.o
                0x0000117a                appUIGetBufWebsiteSpaceRemaining
 .text.appUIvPrintWebsite_P
                0x00001196       0x50 appUI.o
                0x00001196                appUIvPrintWebsite_P
 .text.appUIPrintWebsite_P
                0x000011e6       0x28 appUI.o
                0x000011e6                appUIPrintWebsite_P
 .text.appUISetHTMLFont
                0x0000120e       0x74 appUI.o
                0x0000120e                appUISetHTMLFont
 .text.appUISetUI
                0x00001282       0x60 appUI.o
                0x00001282                appUISetUI
 .text.appUIPrint_P
                0x000012e2       0x4c appUI.o
                0x000012e2                appUIPrint_P
 .text.appUIPrintln_P
                0x0000132e       0x6a appUI.o
                0x0000132e                appUIPrintln_P
 .text.appUIPrintPos_P
                0x00001398       0x88 appUI.o
                0x00001398                appUIPrintPos_P
 .text.CCPWrite
                0x00001420       0x2a clksys_driver.o
                0x00001420                CCPWrite
 .text.CLKSYS_PLL_Config
                0x0000144a        0xa clksys_driver.o
                0x0000144a                CLKSYS_PLL_Config
 .text.CLKSYS_Prescalers_Config
                0x00001454        0xa clksys_driver.o
                0x00001454                CLKSYS_Prescalers_Config
 .text.CLKSYS_Main_ClockSource_Select
                0x0000145e       0x28 clksys_driver.o
                0x0000145e                CLKSYS_Main_ClockSource_Select
 .text.CALLBACK_USB_GetDescriptor
                0x00001486       0x7a LUFA/Descriptors.o
                0x00001486                CALLBACK_USB_GetDescriptor
 .text.CDC_Device_ConfigureEndpoints
                0x00001500       0x44 LUFA/LUFA/Drivers/USB/Class/Device/CDCClassDevice.o
                0x00001500                CDC_Device_ConfigureEndpoints
 .text.CDC_Device_SendByte
                0x00001544       0x54 LUFA/LUFA/Drivers/USB/Class/Device/CDCClassDevice.o
                0x00001544                CDC_Device_SendByte
 .text.CDC_Device_putchar
                0x00001598       0x20 LUFA/LUFA/Drivers/USB/Class/Device/CDCClassDevice.o
 .text.CDC_Device_Flush
                0x000015b8       0x98 LUFA/LUFA/Drivers/USB/Class/Device/CDCClassDevice.o
                0x000015b8                CDC_Device_Flush
 .text.CDC_Device_USBTask
                0x00001650       0x34 LUFA/LUFA/Drivers/USB/Class/Device/CDCClassDevice.o
                0x00001650                CDC_Device_USBTask
 .text.CDC_Device_BytesReceived
                0x00001684       0xb8 LUFA/LUFA/Drivers/USB/Class/Device/CDCClassDevice.o
                0x00001684                CDC_Device_BytesReceived
 .text.CDC_Device_ReceiveByte
                0x0000173c       0xce LUFA/LUFA/Drivers/USB/Class/Device/CDCClassDevice.o
                0x0000173c                CDC_Device_ReceiveByte
 .text.CDC_Device_getchar
                0x0000180a       0x12 LUFA/LUFA/Drivers/USB/Class/Device/CDCClassDevice.o
 .text.CDC_Device_CreateStream
                0x0000181c       0x26 LUFA/LUFA/Drivers/USB/Class/Device/CDCClassDevice.o
                0x0000181c                CDC_Device_CreateStream
 .text.CDC_Device_Event_Stub
                0x00001842        0x2 LUFA/LUFA/Drivers/USB/Class/Device/CDCClassDevice.o
                0x00001842                EVENT_CDC_Device_ControLineStateChanged
                0x00001842                EVENT_CDC_Device_BreakSent
                0x00001842                CDC_Device_Event_Stub
                0x00001842                EVENT_CDC_Device_LineEncodingChanged
 .text.CDC_Device_ProcessControlRequest
                0x00001844      0x11c LUFA/LUFA/Drivers/USB/Class/Device/CDCClassDevice.o
                0x00001844                CDC_Device_ProcessControlRequest
 .text.USB_Device_ProcessControlRequest
                0x00001960      0x272 LUFA/LUFA/Drivers/USB/Core/DeviceStandardReq.o
                0x00001960                USB_Device_ProcessControlRequest
 .text.USB_USBTask
                0x00001bd2       0x20 LUFA/LUFA/Drivers/USB/Core/USBTask.o
                0x00001bd2                USB_USBTask
 .text.Endpoint_Write_Control_Stream_LE
                0x00001bf2      0x11a LUFA/LUFA/Drivers/USB/Core/XMEGA/EndpointStream_XMEGA.o
                0x00001bf2                Endpoint_Write_Control_Stream_LE
 .text.Endpoint_Write_Control_PStream_LE
                0x00001d0c      0x120 LUFA/LUFA/Drivers/USB/Core/XMEGA/EndpointStream_XMEGA.o
                0x00001d0c                Endpoint_Write_Control_PStream_LE
 .text.Endpoint_ClearIN
                0x00001e2c       0x32 LUFA/LUFA/Drivers/USB/Core/XMEGA/Endpoint_XMEGA.o
                0x00001e2c                Endpoint_ClearIN
 .text.Endpoint_ClearOUT
                0x00001e5e       0x1e LUFA/LUFA/Drivers/USB/Core/XMEGA/Endpoint_XMEGA.o
                0x00001e5e                Endpoint_ClearOUT
 .text.Endpoint_Read_8
                0x00001e7c       0x20 LUFA/LUFA/Drivers/USB/Core/XMEGA/Endpoint_XMEGA.o
                0x00001e7c                Endpoint_Read_8
 .text.Endpoint_Write_8
                0x00001e9c       0x20 LUFA/LUFA/Drivers/USB/Core/XMEGA/Endpoint_XMEGA.o
                0x00001e9c                Endpoint_Write_8
 .text.Endpoint_SelectEndpoint
                0x00001ebc       0x80 LUFA/LUFA/Drivers/USB/Core/XMEGA/Endpoint_XMEGA.o
                0x00001ebc                Endpoint_SelectEndpoint
 .text.Endpoint_IsINReady
                0x00001f3c       0x18 LUFA/LUFA/Drivers/USB/Core/XMEGA/Endpoint_XMEGA.o
                0x00001f3c                Endpoint_IsINReady
 .text.Endpoint_IsOUTReceived
                0x00001f54       0x32 LUFA/LUFA/Drivers/USB/Core/XMEGA/Endpoint_XMEGA.o
                0x00001f54                Endpoint_IsOUTReceived
 .text.Endpoint_IsSETUPReceived
                0x00001f86       0x32 LUFA/LUFA/Drivers/USB/Core/XMEGA/Endpoint_XMEGA.o
                0x00001f86                Endpoint_IsSETUPReceived
 .text.Endpoint_ClearSETUP
                0x00001fb8       0x58 LUFA/LUFA/Drivers/USB/Core/XMEGA/Endpoint_XMEGA.o
                0x00001fb8                Endpoint_ClearSETUP
 .text.Endpoint_StallTransaction
                0x00002010       0x36 LUFA/LUFA/Drivers/USB/Core/XMEGA/Endpoint_XMEGA.o
                0x00002010                Endpoint_StallTransaction
 .text.Endpoint_ConfigureEndpoint_PRV
                0x00002046       0x8a LUFA/LUFA/Drivers/USB/Core/XMEGA/Endpoint_XMEGA.o
                0x00002046                Endpoint_ConfigureEndpoint_PRV
 .text.Endpoint_ConfigureEndpointTable
                0x000020d0       0xe4 LUFA/LUFA/Drivers/USB/Core/XMEGA/Endpoint_XMEGA.o
                0x000020d0                Endpoint_ConfigureEndpointTable
 .text.Endpoint_ClearEndpoints
                0x000021b4       0x40 LUFA/LUFA/Drivers/USB/Core/XMEGA/Endpoint_XMEGA.o
                0x000021b4                Endpoint_ClearEndpoints
 .text.Endpoint_ClearStatusStage
                0x000021f4       0x2e LUFA/LUFA/Drivers/USB/Core/XMEGA/Endpoint_XMEGA.o
                0x000021f4                Endpoint_ClearStatusStage
 .text.Endpoint_WaitUntilReady
                0x00002222       0x9a LUFA/LUFA/Drivers/USB/Core/XMEGA/Endpoint_XMEGA.o
                0x00002222                Endpoint_WaitUntilReady
 .text.USB_ResetInterface
                0x000022bc       0x5c LUFA/LUFA/Drivers/USB/Core/XMEGA/USBController_XMEGA.o
                0x000022bc                USB_ResetInterface
 .text.USB_Init
                0x00002318       0x56 LUFA/LUFA/Drivers/USB/Core/XMEGA/USBController_XMEGA.o
                0x00002318                USB_Init
 .text.USB_INT_DisableAllInterrupts
                0x0000236e        0xe LUFA/LUFA/Drivers/USB/Core/XMEGA/USBInterrupt_XMEGA.o
                0x0000236e                USB_INT_DisableAllInterrupts
 .text.USB_INT_ClearAllInterrupts
                0x0000237c        0xc LUFA/LUFA/Drivers/USB/Core/XMEGA/USBInterrupt_XMEGA.o
                0x0000237c                USB_INT_ClearAllInterrupts
 .text.__vector_125
                0x00002388       0xde LUFA/LUFA/Drivers/USB/Core/XMEGA/USBInterrupt_XMEGA.o
                0x00002388                __vector_125
 .text.main     0x00002466       0xae main.o
                0x00002466                main
 .text.psuVoltageController
                0x00002514        0x2 menu.o
                0x00002514                psuVoltageController
 .text.alarmCancelButton
                0x00002516       0x5e menu.o
                0x00002516                alarmCancelButton
 .text.roomPrintMenus
                0x00002574      0x2ae menu.o
                0x00002574                roomPrintMenus
 .text.roomPrintDeviceStuff
                0x00002822      0x286 menu.o
                0x00002822                roomPrintDeviceStuff
 .text.roomClean
                0x00002aa8       0x36 menu.o
                0x00002aa8                roomClean
 .text.roomReset
                0x00002ade        0xa menu.o
                0x00002ade                roomReset
 .text.roomInit
                0x00002ae8       0x78 menu.o
                0x00002ae8                roomInit
 .text.writeTimeToEE
                0x00002b60       0x42 menu.o
                0x00002b60                writeTimeToEE
 .text.roomKeys
                0x00002ba2      0x704 menu.o
                0x00002ba2                roomKeys
 .text.resetCausePrint
                0x000032a6      0x120 peripherals.o
 .text.initHardware
                0x000033c6      0x436 peripherals.o
                0x000033c6                initHardware
 .text.softwareReset
                0x000037fc       0x4c peripherals.o
                0x000037fc                softwareReset
 .text.freeRam  0x00003848       0x40 peripherals.o
                0x00003848                freeRam
 .text.deviceNameGet
                0x00003888      0x130 peripherals.o
                0x00003888                deviceNameGet
 .text.TMP112Read
                0x000039b8      0x120 peripherals.o
                0x000039b8                TMP112Read
 .text.ledBlueEnable
                0x00003ad8        0xc peripherals.o
                0x00003ad8                ledBlueEnable
 .text.ledBlueDisable
                0x00003ae4        0xc peripherals.o
                0x00003ae4                ledBlueDisable
 .text.ledController
                0x00003af0       0x3e peripherals.o
                0x00003af0                ledController
 .text.EVENT_USB_Device_Connect
                0x00003b2e        0x8 peripherals.o
                0x00003b2e                EVENT_USB_Device_Connect
 .text.EVENT_USB_Device_Disconnect
                0x00003b36        0x6 peripherals.o
                0x00003b36                EVENT_USB_Device_Disconnect
 .text.EVENT_USB_Device_Reset
                0x00003b3c        0x2 peripherals.o
                0x00003b3c                EVENT_USB_Device_Reset
 .text.EVENT_USB_Device_ConfigurationChanged
                0x00003b3e        0xa peripherals.o
                0x00003b3e                EVENT_USB_Device_ConfigurationChanged
 .text.EVENT_USB_Device_ControlRequest
                0x00003b48        0xa peripherals.o
                0x00003b48                EVENT_USB_Device_ControlRequest
 .text.remoteSetDataGPIO
                0x00003b52       0x62 remoteDriver.o
 .text.getKeyCode
                0x00003bb4      0x5b4 remoteDriver.o
 .text.remoteSend_HUMAX
                0x00004168      0x106 remoteDriver.o
 .text.remoteSend
                0x0000426e      0x188 remoteDriver.o
 .text.remoteSetPowerGPIO
                0x000043f6       0xd8 remoteDriver.o
                0x000043f6                remoteSetPowerGPIO
 .text.remoteRebootCallback
                0x000044ce       0xdc remoteDriver.o
 .text.remoteSendCommand
                0x000045aa      0x4da remoteDriver.o
                0x000045aa                remoteSendCommand
 .text.RTCPrintDate
                0x00004a84       0x32 rtcDriver.o
                0x00004a84                RTCPrintDate
 .text.RTCPrintTime
                0x00004ab6       0x2c rtcDriver.o
                0x00004ab6                RTCPrintTime
 .text.RTCPrintAll
                0x00004ae2       0x12 rtcDriver.o
                0x00004ae2                RTCPrintAll
 .text.RTCUpdateTime
                0x00004af4       0x2a rtcDriver.o
                0x00004af4                RTCUpdateTime
 .text.RTCIsSurpassed
                0x00004b1e       0x88 rtcDriver.o
                0x00004b1e                RTCIsSurpassed
 .text.RTCGetDaysInMonth
                0x00004ba6       0x3a rtcDriver.o
                0x00004ba6                RTCGetDaysInMonth
 .text.RTCProcessOverflow
                0x00004be0       0x8a rtcDriver.o
 .text.__vector_10
                0x00004c6a       0x78 rtcDriver.o
                0x00004c6a                __vector_10
 .text.RTCAddDate
                0x00004ce2       0x24 rtcDriver.o
                0x00004ce2                RTCAddDate
 .text.RTCUpdateAll
                0x00004d06       0x82 rtcDriver.o
                0x00004d06                RTCUpdateAll
 .text.RTCUpdateDate
                0x00004d88       0x56 rtcDriver.o
                0x00004d88                RTCUpdateDate
 .text.RTCIsValid
                0x00004dde       0x50 rtcDriver.o
                0x00004dde                RTCIsValid
 .text.RTCInit  0x00004e2e       0xd6 rtcDriver.o
                0x00004e2e                RTCInit
 .text.eventInit
                0x00004f04        0xa timeEvent.o
                0x00004f04                eventInit
 .text.eventAdd
                0x00004f0e       0xb2 timeEvent.o
                0x00004f0e                eventAdd
 .text.eventRemove
                0x00004fc0       0x5e timeEvent.o
                0x00004fc0                eventRemove
 .text.eventFind
                0x0000501e       0x50 timeEvent.o
                0x0000501e                eventFind
 .text.eventTimerRestart
                0x0000506e       0x20 timeEvent.o
                0x0000506e                eventTimerRestart
 .text.eventTimerTrigger
                0x0000508e       0x18 timeEvent.o
                0x0000508e                eventTimerTrigger
 .text.eventFindCount
                0x000050a6       0x22 timeEvent.o
                0x000050a6                eventFindCount
 .text.eventGetInterval
                0x000050c8       0x1a timeEvent.o
                0x000050c8                eventGetInterval
 .text.eventSetTimeleft
                0x000050e2       0x2c timeEvent.o
                0x000050e2                eventSetTimeleft
 .text.eventControllerLoop
                0x0000510e      0x27c timeEvent.o
                0x0000510e                eventControllerLoop
 .text.__vector_79
                0x0000538a       0x72 timeEvent.o
                0x0000538a                __vector_79
 .text.twiInterruptHandler
                0x000053fc      0x334 twiDriver.o
 .text.twiInit  0x00005730       0xe0 twiDriver.o
                0x00005730                twiInit
 .text.twiMasterWriteRead
                0x00005810       0x5e twiDriver.o
                0x00005810                twiMasterWriteRead
 .text.__vector_13
                0x0000586e       0x64 twiDriver.o
                0x0000586e                __vector_13
 .text.__vector_12
                0x000058d2       0x64 twiDriver.o
                0x000058d2                __vector_12
 .text.__vector_76
                0x00005936       0x64 twiDriver.o
                0x00005936                __vector_76
 .text.__vector_75
                0x0000599a       0x64 twiDriver.o
                0x0000599a                __vector_75
 .text.__vector_46
                0x000059fe       0x64 twiDriver.o
                0x000059fe                __vector_46
 .text.__vector_45
                0x00005a62       0x64 twiDriver.o
                0x00005a62                __vector_45
 .text.avr-libc.fplib
                0x00005ac6        0x4 c:/program files (x86)/atmel/studio/7.0/toolchain/avr8/avr8-gnu-toolchain/bin/../lib/gcc/avr/4.9.2/../../../../avr/lib/avrxmega7\libm.a(divsf3.o)
                0x00005ac6                __divsf3
 .text.avr-libc.fplib
                0x00005aca       0xcc c:/program files (x86)/atmel/studio/7.0/toolchain/avr8/avr8-gnu-toolchain/bin/../lib/gcc/avr/4.9.2/../../../../avr/lib/avrxmega7\libm.a(divsf3x.o)
                0x00005ae0                __divsf3x
                0x00005ae4                __divsf3_pse
 .text.avr-libc.fplib
                0x00005b96        0xa c:/program files (x86)/atmel/studio/7.0/toolchain/avr8/avr8-gnu-toolchain/bin/../lib/gcc/avr/4.9.2/../../../../avr/lib/avrxmega7\libm.a(fixsfsi.o)
                0x00005b96                __fixsfsi
 .text.avr-libc.fplib
                0x00005ba0       0x58 c:/program files (x86)/atmel/studio/7.0/toolchain/avr8/avr8-gnu-toolchain/bin/../lib/gcc/avr/4.9.2/../../../../avr/lib/avrxmega7\libm.a(fixunssfsi.o)
                0x00005ba0                __fixunssfsi
 .text.avr-libc.fplib
                0x00005bf8       0x7a c:/program files (x86)/atmel/studio/7.0/toolchain/avr8/avr8-gnu-toolchain/bin/../lib/gcc/avr/4.9.2/../../../../avr/lib/avrxmega7\libm.a(floatsisf.o)
                0x00005bf8                __floatunsisf
                0x00005bfc                __floatsisf
 .text.avr-libc.fplib
                0x00005c72        0xc c:/program files (x86)/atmel/studio/7.0/toolchain/avr8/avr8-gnu-toolchain/bin/../lib/gcc/avr/4.9.2/../../../../avr/lib/avrxmega7\libm.a(fp_inf.o)
                0x00005c72                __fp_inf
 .text.avr-libc.fplib
                0x00005c7e        0x6 c:/program files (x86)/atmel/studio/7.0/toolchain/avr8/avr8-gnu-toolchain/bin/../lib/gcc/avr/4.9.2/../../../../avr/lib/avrxmega7\libm.a(fp_nan.o)
                0x00005c7e                __fp_nan
 .text.avr-libc.fplib
                0x00005c84        0xe c:/program files (x86)/atmel/studio/7.0/toolchain/avr8/avr8-gnu-toolchain/bin/../lib/gcc/avr/4.9.2/../../../../avr/lib/avrxmega7\libm.a(fp_pscA.o)
                0x00005c84                __fp_pscA
 .text.avr-libc.fplib
                0x00005c92        0xe c:/program files (x86)/atmel/studio/7.0/toolchain/avr8/avr8-gnu-toolchain/bin/../lib/gcc/avr/4.9.2/../../../../avr/lib/avrxmega7\libm.a(fp_pscB.o)
                0x00005c92                __fp_pscB
 .text.avr-libc.fplib
                0x00005ca0       0x22 c:/program files (x86)/atmel/studio/7.0/toolchain/avr8/avr8-gnu-toolchain/bin/../lib/gcc/avr/4.9.2/../../../../avr/lib/avrxmega7\libm.a(fp_round.o)
                0x00005ca0                __fp_round
 .text.avr-libc.fplib
                0x00005cc2       0x44 c:/program files (x86)/atmel/studio/7.0/toolchain/avr8/avr8-gnu-toolchain/bin/../lib/gcc/avr/4.9.2/../../../../avr/lib/avrxmega7\libm.a(fp_split3.o)
                0x00005cc2                __fp_split3
                0x00005cd2                __fp_splitA
 .text.avr-libc.fplib
                0x00005d06        0xe c:/program files (x86)/atmel/studio/7.0/toolchain/avr8/avr8-gnu-toolchain/bin/../lib/gcc/avr/4.9.2/../../../../avr/lib/avrxmega7\libm.a(fp_zero.o)
                0x00005d06                __fp_zero
                0x00005d08                __fp_szero
 .text.avr-libc.fplib
                0x00005d14        0x4 c:/program files (x86)/atmel/studio/7.0/toolchain/avr8/avr8-gnu-toolchain/bin/../lib/gcc/avr/4.9.2/../../../../avr/lib/avrxmega7\libm.a(mulsf3.o)
                0x00005d14                __mulsf3
 .text.avr-libc.fplib
                0x00005d18       0xc2 c:/program files (x86)/atmel/studio/7.0/toolchain/avr8/avr8-gnu-toolchain/bin/../lib/gcc/avr/4.9.2/../../../../avr/lib/avrxmega7\libm.a(mulsf3x.o)
                0x00005d2c                __mulsf3x
                0x00005d30                __mulsf3_pse
 .text.avr-libc
                0x00005dda      0x704 c:/program files (x86)/atmel/studio/7.0/toolchain/avr8/avr8-gnu-toolchain/bin/../lib/gcc/avr/4.9.2/../../../../avr/lib/avrxmega7\libprintf_flt.a(vfprintf_flt.o)
                0x00005dda                vfprintf
 .text.libgcc.div
                0x000064de       0x44 c:/program files (x86)/atmel/studio/7.0/toolchain/avr8/avr8-gnu-toolchain/bin/../lib/gcc/avr/4.9.2/avrxmega7\libgcc.a(_udivmodsi4.o)
                0x000064de                __udivmodsi4
 .text.avr-libc
                0x00006522      0x1b0 c:/program files (x86)/atmel/studio/7.0/toolchain/avr8/avr8-gnu-toolchain/bin/../lib/gcc/avr/4.9.2/../../../../avr/lib/avrxmega7\libc.a(ftoa_engine.o)
                0x00006522                __ftoa_engine
 .text.avr-libc
                0x000066d2       0x10 c:/program files (x86)/atmel/studio/7.0/toolchain/avr8/avr8-gnu-toolchain/bin/../lib/gcc/avr/4.9.2/../../../../avr/lib/avrxmega7\libc.a(tolower.o)
                0x000066d2                tolower
 .text.avr-libc
                0x000066e2        0xe c:/program files (x86)/atmel/studio/7.0/toolchain/avr8/avr8-gnu-toolchain/bin/../lib/gcc/avr/4.9.2/../../../../avr/lib/avrxmega7\libc.a(strcpy_P.o)
                0x000066e2                strcpy_P
 .text.avr-libc
                0x000066f0       0x16 c:/program files (x86)/atmel/studio/7.0/toolchain/avr8/avr8-gnu-toolchain/bin/../lib/gcc/avr/4.9.2/../../../../avr/lib/avrxmega7\libc.a(strnlen_P.o)
                0x000066f0                strnlen_P
 .text.avr-libc
                0x00006706       0x34 c:/program files (x86)/atmel/studio/7.0/toolchain/avr8/avr8-gnu-toolchain/bin/../lib/gcc/avr/4.9.2/../../../../avr/lib/avrxmega7\libc.a(strstr_P.o)
                0x00006706                strstr_P
 .text.avr-libc
                0x0000673a       0x12 c:/program files (x86)/atmel/studio/7.0/toolchain/avr8/avr8-gnu-toolchain/bin/../lib/gcc/avr/4.9.2/../../../../avr/lib/avrxmega7\libc.a(memcpy.o)
                0x0000673a                memcpy
 .text.avr-libc
                0x0000674c        0xe c:/program files (x86)/atmel/studio/7.0/toolchain/avr8/avr8-gnu-toolchain/bin/../lib/gcc/avr/4.9.2/../../../../avr/lib/avrxmega7\libc.a(memset.o)
                0x0000674c                memset
 .text.avr-libc
                0x0000675a       0x16 c:/program files (x86)/atmel/studio/7.0/toolchain/avr8/avr8-gnu-toolchain/bin/../lib/gcc/avr/4.9.2/../../../../avr/lib/avrxmega7\libc.a(strnlen.o)
                0x0000675a                strnlen
 .text.avr-libc
                0x00006770       0x70 c:/program files (x86)/atmel/studio/7.0/toolchain/avr8/avr8-gnu-toolchain/bin/../lib/gcc/avr/4.9.2/../../../../avr/lib/avrxmega7\libc.a(fputc.o)
                0x00006770                fputc
 .text.avr-libc
                0x000067e0       0x4e c:/program files (x86)/atmel/studio/7.0/toolchain/avr8/avr8-gnu-toolchain/bin/../lib/gcc/avr/4.9.2/../../../../avr/lib/avrxmega7\libc.a(printf_p.o)
                0x000067e0                printf_P
 .text.avr-libc
                0x0000682e       0x6c c:/program files (x86)/atmel/studio/7.0/toolchain/avr8/avr8-gnu-toolchain/bin/../lib/gcc/avr/4.9.2/../../../../avr/lib/avrxmega7\libc.a(snprintf_p.o)
                0x0000682e                snprintf_P
 .text.avr-libc
                0x0000689a       0x36 c:/program files (x86)/atmel/studio/7.0/toolchain/avr8/avr8-gnu-toolchain/bin/../lib/gcc/avr/4.9.2/../../../../avr/lib/avrxmega7\libc.a(sscanf_p.o)
                0x0000689a                sscanf_P
 .text.avr-libc
                0x000068d0       0x1c c:/program files (x86)/atmel/studio/7.0/toolchain/avr8/avr8-gnu-toolchain/bin/../lib/gcc/avr/4.9.2/../../../../avr/lib/avrxmega7\libc.a(vfprintf_p.o)
                0x000068d0                vfprintf_P
 .text.avr-libc
                0x000068ec       0x64 c:/program files (x86)/atmel/studio/7.0/toolchain/avr8/avr8-gnu-toolchain/bin/../lib/gcc/avr/4.9.2/../../../../avr/lib/avrxmega7\libc.a(vsnprintf_p.o)
                0x000068ec                vsnprintf_P
 .text.avr-libc
                0x00006950       0xbc c:/program files (x86)/atmel/studio/7.0/toolchain/avr8/avr8-gnu-toolchain/bin/../lib/gcc/avr/4.9.2/../../../../avr/lib/avrxmega7\libc.a(ultoa_invert.o)
                0x00006950                __ultoa_invert
 .text.avr-libc
                0x00006a0c      0x582 c:/program files (x86)/atmel/studio/7.0/toolchain/avr8/avr8-gnu-toolchain/bin/../lib/gcc/avr/4.9.2/../../../../avr/lib/avrxmega7\libc.a(vfscanf_std.o)
                0x00006d4e                vfscanf
 .text.avr-libc
                0x00006f8e       0x10 c:/program files (x86)/atmel/studio/7.0/toolchain/avr8/avr8-gnu-toolchain/bin/../lib/gcc/avr/4.9.2/../../../../avr/lib/avrxmega7\libc.a(isspace.o)
                0x00006f8e                isspace
 .text.avr-libc
                0x00006f9e       0x16 c:/program files (x86)/atmel/studio/7.0/toolchain/avr8/avr8-gnu-toolchain/bin/../lib/gcc/avr/4.9.2/../../../../avr/lib/avrxmega7\libc.a(strchr_P.o)
                0x00006f9e                strchr_P
 .text.avr-libc
                0x00006fb4       0x7c c:/program files (x86)/atmel/studio/7.0/toolchain/avr8/avr8-gnu-toolchain/bin/../lib/gcc/avr/4.9.2/../../../../avr/lib/avrxmega7\libc.a(fgetc.o)
                0x00006fb4                fgetc
 .text.avr-libc
                0x00007030       0x32 c:/program files (x86)/atmel/studio/7.0/toolchain/avr8/avr8-gnu-toolchain/bin/../lib/gcc/avr/4.9.2/../../../../avr/lib/avrxmega7\libc.a(ungetc.o)
                0x00007030                ungetc
 .text.avr-libc
                0x00007062        0x6 c:/program files (x86)/atmel/studio/7.0/toolchain/avr8/avr8-gnu-toolchain/bin/../lib/gcc/avr/4.9.2/../../../../avr/lib/avrxmega7\libc.a(cty_isfalse.o)
                0x00007062                __ctype_isfalse
                0x00007066                __ctype_istrue
 .text.avr-libc
                0x00007068       0x16 C:/Program Files (x86)/Atmel/Studio/7.0/Packs/atmel/XMEGAA_DFP/1.0.38/gcc/dev/atxmega128a1u/avrxmega7\libatxmega128a1u.a(eerd_block.o)
                0x00007068                eeprom_read_block
 .text.avr-libc
                0x0000707e       0x20 C:/Program Files (x86)/Atmel/Studio/7.0/Packs/atmel/XMEGAA_DFP/1.0.38/gcc/dev/atxmega128a1u/avrxmega7\libatxmega128a1u.a(eerd_byte.o)
                0x0000707e                eeprom_read_byte
                0x00007086                eeprom_mapen
 .text.avr-libc
                0x0000709e       0x1e C:/Program Files (x86)/Atmel/Studio/7.0/Packs/atmel/XMEGAA_DFP/1.0.38/gcc/dev/atxmega128a1u/avrxmega7\libatxmega128a1u.a(eeupd_block.o)
                0x0000709e                eeprom_update_block
 .text.avr-libc
                0x000070bc       0x12 C:/Program Files (x86)/Atmel/Studio/7.0/Packs/atmel/XMEGAA_DFP/1.0.38/gcc/dev/atxmega128a1u/avrxmega7\libatxmega128a1u.a(eeupd_byte.o)
                0x000070bc                eeprom_update_byte
                0x000070be                eeprom_update_r18
 .text.avr-libc
                0x000070ce       0x46 C:/Program Files (x86)/Atmel/Studio/7.0/Packs/atmel/XMEGAA_DFP/1.0.38/gcc/dev/atxmega128a1u/avrxmega7\libatxmega128a1u.a(eewr_byte.o)
                0x000070ce                eeprom_write_byte
                0x000070d0                eeprom_write_r18
                0x00007114                . = ALIGN (0x2)
 *(.fini9)
 .fini9         0x00007114        0x0 c:/program files (x86)/atmel/studio/7.0/toolchain/avr8/avr8-gnu-toolchain/bin/../lib/gcc/avr/4.9.2/avrxmega7\libgcc.a(_exit.o)
                0x00007114                _exit
                0x00007114                exit
 *(.fini9)
 *(.fini8)
 *(.fini8)
 *(.fini7)
 *(.fini7)
 *(.fini6)
 *(.fini6)
 *(.fini5)
 *(.fini5)
 *(.fini4)
 *(.fini4)
 *(.fini3)
 *(.fini3)
 *(.fini2)
 *(.fini2)
 *(.fini1)
 *(.fini1)
 *(.fini0)
 .fini0         0x00007114        0x4 c:/program files (x86)/atmel/studio/7.0/toolchain/avr8/avr8-gnu-toolchain/bin/../lib/gcc/avr/4.9.2/avrxmega7\libgcc.a(_exit.o)
 *(.fini0)
                0x00007118                _etext = .

.data           0x00802000      0x102 load address 0x00007118
                0x00802000                PROVIDE (__data_start, .)
 *(.data)
 .data          0x00802000        0x6 c:/program files (x86)/atmel/studio/7.0/toolchain/avr8/avr8-gnu-toolchain/bin/../lib/gcc/avr/4.9.2/../../../../avr/lib/avrxmega7\libc.a(malloc.o)
                0x00802000                __malloc_heap_end
                0x00802002                __malloc_heap_start
                0x00802004                __malloc_margin
 *(.data*)
 .data._ZZ10adcMeasureE12isFirstGroup
                0x00802006        0x1 adcDriver.o
 .data.str.7025
                0x00802007       0x10 peripherals.o
 .data.minFreeRam.6994
                0x00802017        0x2 peripherals.o
 .data.hardware
                0x00802019       0xaa peripherals.o
                0x00802019                hardware
 .data.USBSerialClass
                0x008020c3       0x1b peripherals.o
                0x008020c3                USBSerialClass
 *(.rodata)
 .rodata        0x008020de        0xd adcDriver.o
 *(.rodata*)
 .rodata.str1.1
                0x008020eb       0x17 remoteDriver.o
 *(.gnu.linkonce.d*)
                0x00802102                . = ALIGN (0x2)
                0x00802102                _edata = .
                0x00802102                PROVIDE (__data_end, .)

.bss            0x00802102      0x67d
                0x00802102                PROVIDE (__bss_start, .)
 *(.bss)
 *(.bss*)
 .bss._ZZ10adcMeasureE3sum
                0x00802102        0x2 adcDriver.o
 .bss._ZL6packet
                0x00802104        0x2 adcDriver.o
 .bss.firstCall.6979
                0x00802106        0x1 appUI.o
 .bss.appUI     0x00802107      0x25c appUI.o
 .bss.textInput
                0x00802363       0x21 menu.o
 .bss.room      0x00802384        0x1 menu.o
 .bss.isLedBlue.7160
                0x00802385        0x1 peripherals.o
 .bss.isInitialized.7132
                0x00802386        0x1 peripherals.o
 .bss.usbIsConnected
                0x00802387        0x1 peripherals.o
 .bss.invert.7058
                0x00802388        0x1 remoteDriver.o
 .bss.phasePowerOn.6986
                0x00802389        0x1 remoteDriver.o
 .bss.device_number.6985
                0x0080238a        0x1 remoteDriver.o
 .bss.devices_bm.6984
                0x0080238b        0x2 remoteDriver.o
 .bss.rebootDevices_bm
                0x0080238d        0x2 remoteDriver.o
 .bss.addSecond
                0x0080238f        0x1 rtcDriver.o
 .bss.timeInt   0x00802390        0x2 rtcDriver.o
 .bss.cpu       0x00802392        0x2 timeEvent.o
 .bss.events    0x00802394       0xdc timeEvent.o
 .bss.twi_driver
                0x00802470        0x2 twiDriver.o
 *(COMMON)
 COMMON         0x00802472        0x3 LUFA/LUFA/Drivers/USB/Core/DeviceStandardReq.o
                0x00802472                USB_Device_ConfigurationNumber
                0x00802473                USB_Device_CurrentlySelfPowered
                0x00802474                USB_Device_RemoteWakeupEnabled
 COMMON         0x00802475        0xa LUFA/LUFA/Drivers/USB/Core/USBTask.o
                0x00802475                USB_IsInitialized
                0x00802476                USB_DeviceState
                0x00802477                USB_ControlRequest
 COMMON         0x0080247f      0x299 LUFA/LUFA/Drivers/USB/Core/XMEGA/Endpoint_XMEGA.o
                0x0080247f                USB_Endpoint_SelectedFIFO
                0x00802481                USB_Endpoint_SelectedHandle
                0x00802483                USB_Endpoint_SelectedEndpoint
                0x00802484                USB_Endpoint_FIFOs
 COMMON         0x00802718       0x53 LUFA/LUFA/Drivers/USB/Core/XMEGA/USBController_XMEGA.o
                0x00802718                USB_EndpointTable
 COMMON         0x0080276b        0xe peripherals.o
                0x0080276b                USBStream
 COMMON         0x00802779        0x6 c:/program files (x86)/atmel/studio/7.0/toolchain/avr8/avr8-gnu-toolchain/bin/../lib/gcc/avr/4.9.2/../../../../avr/lib/avrxmega7\libc.a(iob.o)
                0x00802779                __iob
                0x0080277f                PROVIDE (__bss_end, .)
                0x00007118                __data_load_start = LOADADDR (.data)
                0x0000721a                __data_load_end = (__data_load_start + SIZEOF (.data))

.noinit         0x0080277f        0x0
                0x0080277f                PROVIDE (__noinit_start, .)
 *(.noinit*)
                0x0080277f                PROVIDE (__noinit_end, .)
                0x0080277f                _end = .
                0x0080277f                PROVIDE (__heap_start, .)

.eeprom         0x00810000        0xf
 *(.eeprom*)
 .eeprom        0x00810000        0xe menu.o
                0x00810000                timeEEPROM
                0x00810006                alarmEEPROM
                0x0081000c                deviceTypeEEPROM
                0x0081000d                alarmEnabledEEPROM
 .eeprom        0x0081000e        0x1 peripherals.o
                0x0081000e                wdtCrashesEEPROM
                0x0081000f                __eeprom_end = .

.fuse
 *(.fuse)
 *(.lfuse)
 *(.hfuse)
 *(.efuse)

.lock
 *(.lock*)

.signature
 *(.signature*)

.user_signatures
 *(.user_signatures*)

.stab
 *(.stab)

.stabstr
 *(.stabstr)

.stab.excl
 *(.stab.excl)

.stab.exclstr
 *(.stab.exclstr)

.stab.index
 *(.stab.index)

.stab.indexstr
 *(.stab.indexstr)

.comment        0x00000000       0x5c
 *(.comment)
 .comment       0x00000000       0x30 adcDriver.o
                                 0x31 (size before relaxing)
 .comment       0x00000030       0x31 appUI.o
 .comment       0x00000030       0x31 clksys_driver.o
 .comment       0x00000030       0x31 LUFA/Descriptors.o
 .comment       0x00000030       0x31 LUFA/LUFA/Drivers/USB/Class/Device/CDCClassDevice.o
 .comment       0x00000030       0x31 LUFA/LUFA/Drivers/USB/Core/DeviceStandardReq.o
 .comment       0x00000030       0x31 LUFA/LUFA/Drivers/USB/Core/USBTask.o
 .comment       0x00000030       0x31 LUFA/LUFA/Drivers/USB/Core/XMEGA/EndpointStream_XMEGA.o
 .comment       0x00000030       0x31 LUFA/LUFA/Drivers/USB/Core/XMEGA/Endpoint_XMEGA.o
 .comment       0x00000030       0x31 LUFA/LUFA/Drivers/USB/Core/XMEGA/USBController_XMEGA.o
 .comment       0x00000030       0x31 LUFA/LUFA/Drivers/USB/Core/XMEGA/USBInterrupt_XMEGA.o
 .comment       0x00000030       0x31 main.o
 .comment       0x00000030       0x31 menu.o
 .comment       0x00000030       0x31 peripherals.o
 .comment       0x00000030       0x31 remoteDriver.o
 .comment       0x00000030       0x31 rtcDriver.o
 .comment       0x00000030       0x31 timeEvent.o
 .comment       0x00000030       0x31 twiDriver.o
 .comment       0x00000030       0x2c c:/program files (x86)/atmel/studio/7.0/toolchain/avr8/avr8-gnu-toolchain/bin/../lib/gcc/avr/4.9.2/../../../../avr/lib/avrxmega7\libprintf_flt.a(vfprintf_flt.o)
                                 0x2d (size before relaxing)
 .comment       0x0000005c       0x31 c:/program files (x86)/atmel/studio/7.0/toolchain/avr8/avr8-gnu-toolchain/bin/../lib/gcc/avr/4.9.2/../../../../avr/lib/avrxmega7\libc.a(malloc.o)
 .comment       0x0000005c       0x31 c:/program files (x86)/atmel/studio/7.0/toolchain/avr8/avr8-gnu-toolchain/bin/../lib/gcc/avr/4.9.2/../../../../avr/lib/avrxmega7\libc.a(fputc.o)
 .comment       0x0000005c       0x31 c:/program files (x86)/atmel/studio/7.0/toolchain/avr8/avr8-gnu-toolchain/bin/../lib/gcc/avr/4.9.2/../../../../avr/lib/avrxmega7\libc.a(iob.o)
 .comment       0x0000005c       0x31 c:/program files (x86)/atmel/studio/7.0/toolchain/avr8/avr8-gnu-toolchain/bin/../lib/gcc/avr/4.9.2/../../../../avr/lib/avrxmega7\libc.a(printf_p.o)
 .comment       0x0000005c       0x31 c:/program files (x86)/atmel/studio/7.0/toolchain/avr8/avr8-gnu-toolchain/bin/../lib/gcc/avr/4.9.2/../../../../avr/lib/avrxmega7\libc.a(snprintf_p.o)
 .comment       0x0000005c       0x31 c:/program files (x86)/atmel/studio/7.0/toolchain/avr8/avr8-gnu-toolchain/bin/../lib/gcc/avr/4.9.2/../../../../avr/lib/avrxmega7\libc.a(sscanf_p.o)
 .comment       0x0000005c       0x31 c:/program files (x86)/atmel/studio/7.0/toolchain/avr8/avr8-gnu-toolchain/bin/../lib/gcc/avr/4.9.2/../../../../avr/lib/avrxmega7\libc.a(vfprintf_p.o)
 .comment       0x0000005c       0x31 c:/program files (x86)/atmel/studio/7.0/toolchain/avr8/avr8-gnu-toolchain/bin/../lib/gcc/avr/4.9.2/../../../../avr/lib/avrxmega7\libc.a(vsnprintf_p.o)
 .comment       0x0000005c       0x2d c:/program files (x86)/atmel/studio/7.0/toolchain/avr8/avr8-gnu-toolchain/bin/../lib/gcc/avr/4.9.2/../../../../avr/lib/avrxmega7\libc.a(vfscanf_std.o)
 .comment       0x0000005c       0x31 c:/program files (x86)/atmel/studio/7.0/toolchain/avr8/avr8-gnu-toolchain/bin/../lib/gcc/avr/4.9.2/../../../../avr/lib/avrxmega7\libc.a(fgetc.o)
 .comment       0x0000005c       0x31 c:/program files (x86)/atmel/studio/7.0/toolchain/avr8/avr8-gnu-toolchain/bin/../lib/gcc/avr/4.9.2/../../../../avr/lib/avrxmega7\libc.a(ungetc.o)

.note.gnu.avr.deviceinfo
                0x00000000       0x40
 .note.gnu.avr.deviceinfo
                0x00000000       0x40 C:/Program Files (x86)/Atmel/Studio/7.0/Packs/atmel/XMEGAA_DFP/1.0.38/gcc/dev/atxmega128a1u/avrxmega7/crtatxmega128a1u.o

.note.gnu.build-id
 *(.note.gnu.build-id)

.debug
 *(.debug)

.line
 *(.line)

.debug_srcinfo
 *(.debug_srcinfo)

.debug_sfnames
 *(.debug_sfnames)

.debug_aranges  0x00000000      0x728
 *(.debug_aranges)
 .debug_aranges
                0x00000000       0x38 adcDriver.o
 .debug_aranges
                0x00000038       0x80 appUI.o
 .debug_aranges
                0x000000b8       0x68 clksys_driver.o
 .debug_aranges
                0x00000120       0x20 LUFA/Descriptors.o
 .debug_aranges
                0x00000140       0x98 LUFA/LUFA/Drivers/USB/Class/Device/CDCClassDevice.o
 .debug_aranges
                0x000001d8       0x20 LUFA/LUFA/Drivers/USB/Core/DeviceStandardReq.o
 .debug_aranges
                0x000001f8       0x20 LUFA/LUFA/Drivers/USB/Core/USBTask.o
 .debug_aranges
                0x00000218       0xc8 LUFA/LUFA/Drivers/USB/Core/XMEGA/EndpointStream_XMEGA.o
 .debug_aranges
                0x000002e0       0x90 LUFA/LUFA/Drivers/USB/Core/XMEGA/Endpoint_XMEGA.o
 .debug_aranges
                0x00000370       0x30 LUFA/LUFA/Drivers/USB/Core/XMEGA/USBController_XMEGA.o
 .debug_aranges
                0x000003a0       0x30 LUFA/LUFA/Drivers/USB/Core/XMEGA/USBInterrupt_XMEGA.o
 .debug_aranges
                0x000003d0       0x28 main.o
 .debug_aranges
                0x000003f8       0x78 menu.o
 .debug_aranges
                0x00000470       0xd8 peripherals.o
 .debug_aranges
                0x00000548       0x50 remoteDriver.o
 .debug_aranges
                0x00000598       0x98 rtcDriver.o
 .debug_aranges
                0x00000630       0x98 timeEvent.o
 .debug_aranges
                0x000006c8       0x60 twiDriver.o

.debug_pubnames
 *(.debug_pubnames)

.debug_info     0x00000000    0x13e27
 *(.debug_info .gnu.linkonce.wi.*)
 .debug_info    0x00000000     0x13b8 adcDriver.o
 .debug_info    0x000013b8      0xbaf appUI.o
 .debug_info    0x00001f67      0x646 clksys_driver.o
 .debug_info    0x000025ad      0x999 LUFA/Descriptors.o
 .debug_info    0x00002f46      0xf94 LUFA/LUFA/Drivers/USB/Class/Device/CDCClassDevice.o
 .debug_info    0x00003eda     0x11b5 LUFA/LUFA/Drivers/USB/Core/DeviceStandardReq.o
 .debug_info    0x0000508f      0x433 LUFA/LUFA/Drivers/USB/Core/USBTask.o
 .debug_info    0x000054c2     0x17bd LUFA/LUFA/Drivers/USB/Core/XMEGA/EndpointStream_XMEGA.o
 .debug_info    0x00006c7f      0xd1b LUFA/LUFA/Drivers/USB/Core/XMEGA/Endpoint_XMEGA.o
 .debug_info    0x0000799a      0xd55 LUFA/LUFA/Drivers/USB/Core/XMEGA/USBController_XMEGA.o
 .debug_info    0x000086ef      0x9ed LUFA/LUFA/Drivers/USB/Core/XMEGA/USBInterrupt_XMEGA.o
 .debug_info    0x000090dc      0x697 main.o
 .debug_info    0x00009773     0x2c20 menu.o
 .debug_info    0x0000c393     0x2c23 peripherals.o
 .debug_info    0x0000efb6     0x1d9d remoteDriver.o
 .debug_info    0x00010d53      0xecf rtcDriver.o
 .debug_info    0x00011c22     0x187d timeEvent.o
 .debug_info    0x0001349f      0x988 twiDriver.o

.debug_abbrev   0x00000000     0x369a
 *(.debug_abbrev)
 .debug_abbrev  0x00000000      0x205 adcDriver.o
 .debug_abbrev  0x00000205      0x34b appUI.o
 .debug_abbrev  0x00000550      0x1c8 clksys_driver.o
 .debug_abbrev  0x00000718      0x1ac LUFA/Descriptors.o
 .debug_abbrev  0x000008c4      0x3ec LUFA/LUFA/Drivers/USB/Class/Device/CDCClassDevice.o
 .debug_abbrev  0x00000cb0      0x377 LUFA/LUFA/Drivers/USB/Core/DeviceStandardReq.o
 .debug_abbrev  0x00001027      0x21a LUFA/LUFA/Drivers/USB/Core/USBTask.o
 .debug_abbrev  0x00001241      0x274 LUFA/LUFA/Drivers/USB/Core/XMEGA/EndpointStream_XMEGA.o
 .debug_abbrev  0x000014b5      0x2f2 LUFA/LUFA/Drivers/USB/Core/XMEGA/Endpoint_XMEGA.o
 .debug_abbrev  0x000017a7      0x2e9 LUFA/LUFA/Drivers/USB/Core/XMEGA/USBController_XMEGA.o
 .debug_abbrev  0x00001a90      0x266 LUFA/LUFA/Drivers/USB/Core/XMEGA/USBInterrupt_XMEGA.o
 .debug_abbrev  0x00001cf6      0x1f4 main.o
 .debug_abbrev  0x00001eea      0x548 menu.o
 .debug_abbrev  0x00002432      0x52a peripherals.o
 .debug_abbrev  0x0000295c      0x4ab remoteDriver.o
 .debug_abbrev  0x00002e07      0x327 rtcDriver.o
 .debug_abbrev  0x0000312e      0x31b timeEvent.o
 .debug_abbrev  0x00003449      0x251 twiDriver.o

.debug_line     0x00000000     0x7a44
 *(.debug_line .debug_line.* .debug_line_end)
 .debug_line    0x00000000      0x481 adcDriver.o
 .debug_line    0x00000481      0x5b0 appUI.o
 .debug_line    0x00000a31      0x250 clksys_driver.o
 .debug_line    0x00000c81      0x325 LUFA/Descriptors.o
 .debug_line    0x00000fa6      0x7da LUFA/LUFA/Drivers/USB/Class/Device/CDCClassDevice.o
 .debug_line    0x00001780      0x4a6 LUFA/LUFA/Drivers/USB/Core/DeviceStandardReq.o
 .debug_line    0x00001c26      0x1e7 LUFA/LUFA/Drivers/USB/Core/USBTask.o
 .debug_line    0x00001e0d     0x137b LUFA/LUFA/Drivers/USB/Core/XMEGA/EndpointStream_XMEGA.o
 .debug_line    0x00003188      0x6cb LUFA/LUFA/Drivers/USB/Core/XMEGA/Endpoint_XMEGA.o
 .debug_line    0x00003853      0x3b7 LUFA/LUFA/Drivers/USB/Core/XMEGA/USBController_XMEGA.o
 .debug_line    0x00003c0a      0x37b LUFA/LUFA/Drivers/USB/Core/XMEGA/USBInterrupt_XMEGA.o
 .debug_line    0x00003f85      0x22c main.o
 .debug_line    0x000041b1      0xca3 menu.o
 .debug_line    0x00004e54      0xcdb peripherals.o
 .debug_line    0x00005b2f      0xb3c remoteDriver.o
 .debug_line    0x0000666b      0x7ae rtcDriver.o
 .debug_line    0x00006e19      0x72e timeEvent.o
 .debug_line    0x00007547      0x4fd twiDriver.o

.debug_frame    0x00000000     0x1c30
 *(.debug_frame)
 .debug_frame   0x00000000      0x124 adcDriver.o
 .debug_frame   0x00000124      0x210 appUI.o
 .debug_frame   0x00000334       0xdc clksys_driver.o
 .debug_frame   0x00000410       0x24 LUFA/Descriptors.o
 .debug_frame   0x00000434      0x1bc LUFA/LUFA/Drivers/USB/Class/Device/CDCClassDevice.o
 .debug_frame   0x000005f0       0x48 LUFA/LUFA/Drivers/USB/Core/DeviceStandardReq.o
 .debug_frame   0x00000638       0x2c LUFA/LUFA/Drivers/USB/Core/USBTask.o
 .debug_frame   0x00000664      0x488 LUFA/LUFA/Drivers/USB/Core/XMEGA/EndpointStream_XMEGA.o
 .debug_frame   0x00000aec      0x164 LUFA/LUFA/Drivers/USB/Core/XMEGA/Endpoint_XMEGA.o
 .debug_frame   0x00000c50       0x5c LUFA/LUFA/Drivers/USB/Core/XMEGA/USBController_XMEGA.o
 .debug_frame   0x00000cac       0x8c LUFA/LUFA/Drivers/USB/Core/XMEGA/USBInterrupt_XMEGA.o
 .debug_frame   0x00000d38       0x44 main.o
 .debug_frame   0x00000d7c      0x3bc menu.o
 .debug_frame   0x00001138      0x2a0 peripherals.o
 .debug_frame   0x000013d8      0x140 remoteDriver.o
 .debug_frame   0x00001518      0x268 rtcDriver.o
 .debug_frame   0x00001780      0x210 timeEvent.o
 .debug_frame   0x00001990      0x2a0 twiDriver.o

.debug_str      0x00000000     0x5c87
 *(.debug_str)
 .debug_str     0x00000000     0x14cc adcDriver.o
                               0x157b (size before relaxing)
 .debug_str     0x000014cc      0x2f4 appUI.o
                                0x60f (size before relaxing)
 .debug_str     0x000017c0      0x52c clksys_driver.o
                                0x7ef (size before relaxing)
 .debug_str     0x00001cec      0x947 LUFA/Descriptors.o
                                0xc92 (size before relaxing)
 .debug_str     0x00002633      0x7e9 LUFA/LUFA/Drivers/USB/Class/Device/CDCClassDevice.o
                                0xb3f (size before relaxing)
 .debug_str     0x00002e1c      0x6c7 LUFA/LUFA/Drivers/USB/Core/DeviceStandardReq.o
                               0x1215 (size before relaxing)
 .debug_str     0x000034e3       0x72 LUFA/LUFA/Drivers/USB/Core/USBTask.o
                                0x48f (size before relaxing)
 .debug_str     0x00003555      0x37f LUFA/LUFA/Drivers/USB/Core/XMEGA/EndpointStream_XMEGA.o
                                0x9a4 (size before relaxing)
 .debug_str     0x000038d4      0x1f0 LUFA/LUFA/Drivers/USB/Core/XMEGA/Endpoint_XMEGA.o
                                0xb15 (size before relaxing)
 .debug_str     0x00003ac4      0x1fd LUFA/LUFA/Drivers/USB/Core/XMEGA/USBController_XMEGA.o
                                0xec3 (size before relaxing)
 .debug_str     0x00003cc1       0xb4 LUFA/LUFA/Drivers/USB/Core/XMEGA/USBInterrupt_XMEGA.o
                                0x946 (size before relaxing)
 .debug_str     0x00003d75      0x1e6 main.o
                                0x544 (size before relaxing)
 .debug_str     0x00003f5b      0xa39 menu.o
                               0x135d (size before relaxing)
 .debug_str     0x00004994      0x93f peripherals.o
                               0x1f17 (size before relaxing)
 .debug_str     0x000052d3      0x1f6 remoteDriver.o
                                0xb93 (size before relaxing)
 .debug_str     0x000054c9       0xf8 rtcDriver.o
                                0x7fe (size before relaxing)
 .debug_str     0x000055c1      0x3ae timeEvent.o
                                0xf1c (size before relaxing)
 .debug_str     0x0000596f      0x318 twiDriver.o
                                0x8e1 (size before relaxing)

.debug_loc      0x00000000     0x94c7
 *(.debug_loc)
 .debug_loc     0x00000000      0x528 adcDriver.o
 .debug_loc     0x00000528      0x6fc appUI.o
 .debug_loc     0x00000c24      0x2cf clksys_driver.o
 .debug_loc     0x00000ef3      0x226 LUFA/Descriptors.o
 .debug_loc     0x00001119      0x934 LUFA/LUFA/Drivers/USB/Class/Device/CDCClassDevice.o
 .debug_loc     0x00001a4d      0x2f0 LUFA/LUFA/Drivers/USB/Core/DeviceStandardReq.o
 .debug_loc     0x00001d3d       0x22 LUFA/LUFA/Drivers/USB/Core/USBTask.o
 .debug_loc     0x00001d5f     0x22ba LUFA/LUFA/Drivers/USB/Core/XMEGA/EndpointStream_XMEGA.o
 .debug_loc     0x00004019      0x5c8 LUFA/LUFA/Drivers/USB/Core/XMEGA/Endpoint_XMEGA.o
 .debug_loc     0x000045e1       0xa3 LUFA/LUFA/Drivers/USB/Core/XMEGA/USBController_XMEGA.o
 .debug_loc     0x00004684      0x16c LUFA/LUFA/Drivers/USB/Core/XMEGA/USBInterrupt_XMEGA.o
 .debug_loc     0x000047f0       0x48 main.o
 .debug_loc     0x00004838      0xf7b menu.o
 .debug_loc     0x000057b3      0x88b peripherals.o
 .debug_loc     0x0000603e     0x101d remoteDriver.o
 .debug_loc     0x0000705b     0x1026 rtcDriver.o
 .debug_loc     0x00008081      0xbad timeEvent.o
 .debug_loc     0x00008c2e      0x899 twiDriver.o

.debug_macinfo
 *(.debug_macinfo)

.debug_weaknames
 *(.debug_weaknames)

.debug_funcnames
 *(.debug_funcnames)

.debug_typenames
 *(.debug_typenames)

.debug_varnames
 *(.debug_varnames)

.debug_pubtypes
 *(.debug_pubtypes)

.debug_ranges   0x00000000      0x9f8
 *(.debug_ranges)
 .debug_ranges  0x00000000       0x28 adcDriver.o
 .debug_ranges  0x00000028       0x70 appUI.o
 .debug_ranges  0x00000098       0x58 clksys_driver.o
 .debug_ranges  0x000000f0       0x10 LUFA/Descriptors.o
 .debug_ranges  0x00000100       0x88 LUFA/LUFA/Drivers/USB/Class/Device/CDCClassDevice.o
 .debug_ranges  0x00000188       0x58 LUFA/LUFA/Drivers/USB/Core/DeviceStandardReq.o
 .debug_ranges  0x000001e0       0x10 LUFA/LUFA/Drivers/USB/Core/USBTask.o
 .debug_ranges  0x000001f0      0x348 LUFA/LUFA/Drivers/USB/Core/XMEGA/EndpointStream_XMEGA.o
 .debug_ranges  0x00000538       0xb8 LUFA/LUFA/Drivers/USB/Core/XMEGA/Endpoint_XMEGA.o
 .debug_ranges  0x000005f0       0x20 LUFA/LUFA/Drivers/USB/Core/XMEGA/USBController_XMEGA.o
 .debug_ranges  0x00000610       0x20 LUFA/LUFA/Drivers/USB/Core/XMEGA/USBInterrupt_XMEGA.o
 .debug_ranges  0x00000630       0x18 main.o
 .debug_ranges  0x00000648       0xc8 menu.o
 .debug_ranges  0x00000710       0xc8 peripherals.o
 .debug_ranges  0x000007d8       0xc0 remoteDriver.o
 .debug_ranges  0x00000898       0x88 rtcDriver.o
 .debug_ranges  0x00000920       0x88 timeEvent.o
 .debug_ranges  0x000009a8       0x50 twiDriver.o

.debug_macro
 *(.debug_macro)
OUTPUT(RVBZv2.elf elf32-avr)
LOAD linker stubs
